Component: ARM Compiler 5.06 update 6 (build 750) Tool: armlink [4d35ed]

==============================================================================

Section Cross References

    startup_stm32f429xx.o(RESET) refers to startup_stm32f429xx.o(STACK) for __initial_sp
    startup_stm32f429xx.o(RESET) refers to startup_stm32f429xx.o(.text) for Reset_Handler
    startup_stm32f429xx.o(RESET) refers to stm32f4xx_it.o(i.NMI_Handler) for NMI_Handler
    startup_stm32f429xx.o(RESET) refers to stm32f4xx_it.o(i.HardFault_Handler) for HardFault_Handler
    startup_stm32f429xx.o(RESET) refers to stm32f4xx_it.o(i.MemManage_Handler) for MemManage_Handler
    startup_stm32f429xx.o(RESET) refers to stm32f4xx_it.o(i.BusFault_Handler) for BusFault_Handler
    startup_stm32f429xx.o(RESET) refers to stm32f4xx_it.o(i.UsageFault_Handler) for UsageFault_Handler
    startup_stm32f429xx.o(RESET) refers to stm32f4xx_it.o(i.SVC_Handler) for SVC_Handler
    startup_stm32f429xx.o(RESET) refers to stm32f4xx_it.o(i.DebugMon_Handler) for DebugMon_Handler
    startup_stm32f429xx.o(RESET) refers to stm32f4xx_it.o(i.PendSV_Handler) for PendSV_Handler
    startup_stm32f429xx.o(RESET) refers to stm32f4xx_it.o(i.SysTick_Handler) for SysTick_Handler
    startup_stm32f429xx.o(RESET) refers to stm32f4xx_it.o(i.DMA2_Stream0_IRQHandler) for DMA2_Stream0_IRQHandler
    startup_stm32f429xx.o(RESET) refers to stm32f4xx_it.o(i.DMA2_Stream2_IRQHandler) for DMA2_Stream2_IRQHandler
    startup_stm32f429xx.o(.text) refers to system_stm32f4xx.o(i.SystemInit) for SystemInit
    startup_stm32f429xx.o(.text) refers to entry.o(.ARM.Collect$$$$00000000) for __main
    main.o(i.AC_PC) refers to main.o(i.Upper_limit) for Upper_limit
    main.o(i.AC_PC) refers to f2d.o(.text) for __aeabi_f2d
    main.o(i.AC_PC) refers to main.o(i.SetOutputLimits) for SetOutputLimits
    main.o(i.AC_PC) refers to main.o(i.SetTunings) for SetTunings
    main.o(i.AC_PC) refers to dflti.o(.text) for __aeabi_i2d
    main.o(i.AC_PC) refers to main.o(i.Compute) for Compute
    main.o(i.AC_PC) refers to dmul.o(.text) for __aeabi_dmul
    main.o(i.AC_PC) refers to dfixi.o(.text) for __aeabi_d2iz
    main.o(i.AC_PC) refers to main.o(i.Claculate_Flowrate) for Claculate_Flowrate
    main.o(i.AC_PC) refers to main.o(i.cont_p) for cont_p
    main.o(i.AC_PC) refers to main.o(i.Blender) for Blender
    main.o(i.AC_PC) refers to main.o(i.display) for display
    main.o(i.AC_PC) refers to main.o(i.millis) for millis
    main.o(i.AC_PC) refers to d2f.o(.text) for __aeabi_d2f
    main.o(i.AC_PC) refers to dfltui.o(.text) for __aeabi_ui2d
    main.o(i.AC_PC) refers to dadd.o(.text) for __aeabi_dsub
    main.o(i.AC_PC) refers to cdrcmple.o(.text) for __aeabi_cdrcmple
    main.o(i.AC_PC) refers to dfixui.o(.text) for __aeabi_d2uiz
    main.o(i.AC_PC) refers to main.o(i.peep_generator) for peep_generator
    main.o(i.AC_PC) refers to cdcmple.o(.text) for __aeabi_cdcmple
    main.o(i.AC_PC) refers to ceil.o(i.__hardfp_ceil) for __hardfp_ceil
    main.o(i.AC_PC) refers to main.o(i.buffer_knob) for buffer_knob
    main.o(i.AC_PC) refers to main.o(.data) for .data
    main.o(i.AC_PC) refers to tim.o(.bss) for htim3
    main.o(i.AC_VC) refers to main.o(i.Claculate_Flowrate) for Claculate_Flowrate
    main.o(i.AC_VC) refers to main.o(i.cont_p) for cont_p
    main.o(i.AC_VC) refers to main.o(i.Blender) for Blender
    main.o(i.AC_VC) refers to main.o(i.display) for display
    main.o(i.AC_VC) refers to main.o(i.millis) for millis
    main.o(i.AC_VC) refers to d2f.o(.text) for __aeabi_d2f
    main.o(i.AC_VC) refers to f2d.o(.text) for __aeabi_f2d
    main.o(i.AC_VC) refers to dfltui.o(.text) for __aeabi_ui2d
    main.o(i.AC_VC) refers to dadd.o(.text) for __aeabi_dsub
    main.o(i.AC_VC) refers to cdrcmple.o(.text) for __aeabi_cdrcmple
    main.o(i.AC_VC) refers to dfixui.o(.text) for __aeabi_d2uiz
    main.o(i.AC_VC) refers to dfixi.o(.text) for __aeabi_d2iz
    main.o(i.AC_VC) refers to cdcmple.o(.text) for __aeabi_cdcmple
    main.o(i.AC_VC) refers to main.o(i.peep_generator) for peep_generator
    main.o(i.AC_VC) refers to dmul.o(.text) for __aeabi_dmul
    main.o(i.AC_VC) refers to ddiv.o(.text) for __aeabi_ddiv
    main.o(i.AC_VC) refers to dflti.o(.text) for __aeabi_i2d
    main.o(i.AC_VC) refers to main.o(.data) for .data
    main.o(i.AC_VC) refers to tim.o(.bss) for htim1
    main.o(i.AC_VC) refers to ceil.o(i.__hardfp_ceil) for __hardfp_ceil
    main.o(i.AC_VC) refers to main.o(i.buffer_knob) for buffer_knob
    main.o(i.Auto_limits) refers to main.o(.data) for .data
    main.o(i.Blender) refers to f2d.o(.text) for __aeabi_f2d
    main.o(i.Blender) refers to ceil.o(i.__hardfp_ceil) for __hardfp_ceil
    main.o(i.Blender) refers to dfixi.o(.text) for __aeabi_d2iz
    main.o(i.Blender) refers to main.o(i.millis) for millis
    main.o(i.Blender) refers to dfixui.o(.text) for __aeabi_d2uiz
    main.o(i.Blender) refers to dfltui.o(.text) for __aeabi_ui2d
[...]
    i.cont_p                                 0x080062d0   Section        0  main.o(i.cont_p)
    i.controls_page                          0x0800635c   Section        0  main.o(i.controls_page)
    i.counter_position                       0x080063a4   Section        0  main.o(i.counter_position)
    i.default_values                         0x080063dc   Section        0  main.o(i.default_values)
    i.display                                0x08006438   Section        0  main.o(i.display)
    i.display_graph                          0x08006700   Section        0  main.o(i.display_graph)
    i.fabs                                   0x08006734   Section        0  fabs.o(i.fabs)
    i.knob                                   0x0800674c   Section        0  main.o(i.knob)
    i.main                                   0x08006ef0   Section        0  main.o(i.main)
    i.millis                                 0x08007340   Section        0  main.o(i.millis)
    i.orange_pic                             0x08007358   Section        0  main.o(i.orange_pic)
    i.peep_generator                         0x080073a0   Section        0  main.o(i.peep_generator)
    i.read_flow_sensor                       0x08007468   Section        0  main.o(i.read_flow_sensor)
    i.read_lung_Pressure_sensor              0x080075a0   Section        0  main.o(i.read_lung_Pressure_sensor)
    i.read_oxygen                            0x0800772c   Section        0  main.o(i.read_oxygen)
    i.sqrt                                   0x0800777c   Section        0  sqrt.o(i.sqrt)
    .constdata                               0x080077ea   Section        8  stm32f4xx_hal_dma.o(.constdata)
    flagBitshiftOffset                       0x080077ea   Data           8  stm32f4xx_hal_dma.o(.constdata)
    .constdata                               0x080077f2   Section       16  system_stm32f4xx.o(.constdata)
    .constdata                               0x08007802   Section        8  system_stm32f4xx.o(.constdata)
    .constdata                               0x08007810   Section      136  pow.o(.constdata)
    bp                                       0x08007810   Data          16  pow.o(.constdata)
    dp_h                                     0x08007820   Data          16  pow.o(.constdata)
    dp_l                                     0x08007830   Data          16  pow.o(.constdata)
    L                                        0x08007840   Data          48  pow.o(.constdata)
    P                                        0x08007870   Data          40  pow.o(.constdata)
    .constdata                               0x08007898   Section        8  qnan.o(.constdata)
    .data                                    0x20000000   Section      792  main.o(.data)
    .data                                    0x20000318   Section       12  stm32f4xx_hal.o(.data)
    .data                                    0x20000324   Section        4  system_stm32f4xx.o(.data)
    .data                                    0x20000328   Section        4  errno.o(.data)
    _errno                                   0x20000328   Data           4  errno.o(.data)
    .bss                                     0x20000330   Section      736  main.o(.bss)
    .bss                                     0x20000610   Section      168  adc.o(.bss)
    .bss                                     0x200006b8   Section       84  i2c.o(.bss)
    .bss                                     0x2000070c   Section      576  tim.o(.bss)
    .bss                                     0x2000094c   Section      160  usart.o(.bss)
    .bss                                     0x200009ec   Section       32  stm32f4xx_hal_flash.o(.bss)
    STACK                                    0x20000a10   Section     1024  startup_stm32f429xx.o(STACK)

    Global Symbols

    Symbol Name                              Value     Ov Type        Size  Object(Section)

    BuildAttributes$$THM_ISAv4$E$P$D$K$B$S$7EM$VFPi3$EXTD16$VFPS$VFMA$PE$A:L22UL41UL21$X:L11$S22US41US21$IEEE1$IW$USESV6$~STKCKD$USESV7$~SHL$OTIME$ROPI$IEEEX$EBA8$MICROLIB$REQ8$PRES8$EABIv2 0x00000000   Number         0  anon$$obj.o ABSOLUTE
    __ARM_use_no_argv                        0x00000000   Number         0  main.o ABSOLUTE
    _printf_a                                0x00000000   Number         0  stubs.o ABSOLUTE
    _printf_c                                0x00000000   Number         0  stubs.o ABSOLUTE
    _printf_charcount                        0x00000000   Number         0  stubs.o ABSOLUTE
    _printf_d                                0x00000000   Number         0  stubs.o ABSOLUTE
    _printf_e                                0x00000000   Number         0  stubs.o ABSOLUTE
    _printf_f                                0x00000000   Number         0  stubs.o ABSOLUTE
    _printf_flags                            0x00000000   Number         0  stubs.o ABSOLUTE
    _printf_fp_dec                           0x00000000   Number         0  stubs.o ABSOLUTE
    _printf_fp_hex                           0x00000000   Number         0  stubs.o ABSOLUTE
    _printf_g                                0x00000000   Number         0  stubs.o ABSOLUTE
    _printf_i                                0x00000000   Number         0  stubs.o ABSOLUTE
    _printf_int_dec                          0x00000000   Number         0  stubs.o ABSOLUTE
    _printf_l                                0x00000000   Number         0  stubs.o ABSOLUTE
    _printf_lc                               0x00000000   Number         0  stubs.o ABSOLUTE
    _printf_ll                               0x00000000   Number         0  stubs.o ABSOLUTE
    _printf_lld                              0x00000000   Number         0  stubs.o ABSOLUTE
    _printf_lli                              0x00000000   Number         0  stubs.o ABSOLUTE
    _printf_llo                              0x00000000   Number         0  stubs.o ABSOLUTE
    _printf_llu                              0x00000000   Number         0  stubs.o ABSOLUTE
    _printf_llx                              0x00000000   Number         0  stubs.o ABSOLUTE
    _printf_longlong_dec                     0x00000000   Number         0  stubs.o ABSOLUTE
    _printf_longlong_hex                     0x00000000   Number         0  stubs.o ABSOLUTE
    _printf_longlong_oct                     0x00000000   Number         0  stubs.o ABSOLUTE
    _printf_ls                               0x00000000   Number         0  stubs.o ABSOLUTE
    _printf_mbtowc                           0x00000000   Number         0  stubs.o ABSOLUTE
    _printf_n                                0x00000000   Number         0  stubs.o ABSOLUTE
    _printf_o                                0x00000000   Number         0  stubs.o ABSOLUTE
    _printf_p                                0x00000000   Number         0  stubs.o ABSOLUTE
    _printf_percent                          0x00000000   Number         0  stubs.o ABSOLUTE
    _printf_pre_padding                      0x00000000   Number         0  stubs.o ABSOLUTE
    _printf_return_value                     0x00000000   Number         0  stubs.o ABSOLUTE
    _printf_s                                0x00000000   Number         0  stubs.o ABSOLUTE
    _printf_sizespec                         0x00000000   Number         0  stubs.o ABSOLUTE
    _printf_str                              0x00000000   Number         0  stubs.o ABSOLUTE
    _printf_truncate_signed                  0x00000000   Number         0  stubs.o ABSOLUTE
    _printf_truncate_unsigned                0x00000000   Number         0  stubs.o ABSOLUTE
    _printf_u                                0x00000000   Number         0  stubs.o ABSOLUTE
    _printf_wc                               0x00000000   Number         0  stubs.o ABSOLUTE
    _printf_wctomb                           0x00000000   Number         0  stubs.o ABSOLUTE
    _printf_widthprec                        0x00000000   Number         0  stubs.o ABSOLUTE
    _printf_x                                0x00000000   Number         0  stubs.o ABSOLUTE
    __cpp_initialize__aeabi_                  - Undefined Weak Reference
    __cxa_finalize                            - Undefined Weak Reference
    _clock_init                               - Undefined Weak Reference
    _microlib_exit                            - Undefined Weak Reference
    __Vectors_Size                           0x000001ac   Number         0  startup_stm32f429xx.o ABSOLUTE
    __Vectors                                0x08000000   Data           4  startup_stm32f429xx.o(RESET)
    __Vectors_End                            0x080001ac   Data           0  startup_stm32f429xx.o(RESET)
    __main                                   0x080001ad   Thumb Code     0  entry.o(.ARM.Collect$$$$00000000)
    _main_stk                                0x080001ad   Thumb Code     0  entry2.o(.ARM.Collect$$$$00000001)
    _main_scatterload                        0x080001b1   Thumb Code     0  entry5.o(.ARM.Collect$$$$00000004)
    __main_after_scatterload                 0x080001b5   Thumb Code     0  entry5.o(.ARM.Collect$$$$00000004)
    _main_clock                              0x080001b5   Thumb Code     0  entry7b.o(.ARM.Collect$$$$00000008)
    _main_cpp_init                           0x080001b5   Thumb Code     0  entry8b.o(.ARM.Collect$$$$0000000A)
    _main_init                               0x080001b5   Thumb Code     0  entry9a.o(.ARM.Collect$$$$0000000B)
    __rt_final_cpp                           0x080001bd   Thumb Code     0  entry10a.o(.ARM.Collect$$$$0000000D)
    __rt_final_exit                          0x080001bd   Thumb Code     0  entry11a.o(.ARM.Collect$$$$0000000F)
    Reset_Handler                            0x080001c1   Thumb Code     8  startup_stm32f429xx.o(.text)
    ADC_IRQHandler                           0x080001db   Thumb Code     0  startup_stm32f429xx.o(.text)
    CAN1_RX0_IRQHandler                      0x080001db   Thumb Code     0  startup_stm32f429xx.o(.text)
    CAN1_RX1_IRQHandler                      0x080001db   Thumb Code     0  startup_stm32f429xx.o(.text)
    CAN1_SCE_IRQHandler                      0x080001db   Thumb Code     0  startup_stm32f429xx.o(.text)
    CAN1_TX_IRQHandler                       0x080001db   Thumb Code     0  startup_stm32f429xx.o(.text)
    CAN2_RX0_IRQHandler                      0x080001db   Thumb Code     0  startup_stm32f429xx.o(.text)
    CAN2_RX1_IRQHandler                      0x080001db   Thumb Code     0  startup_stm32f429xx.o(.text)
    CAN2_SCE_IRQHandler                      0x080001db   Thumb Code     0  startup_stm32f429xx.o(.text)
    CAN2_TX_IRQHandler                       0x080001db   Thumb Code     0  startup_stm32f429xx.o(.text)
    DCMI_IRQHandler                          0x080001db   Thumb Code     0  startup_stm32f429xx.o(.text)
    DMA1_Stream0_IRQHandler                  0x080001db   Thumb Code     0  startup_stm32f429xx.o(.text)
    DMA1_Stream1_IRQHandler                  0x080001db   Thumb Code     0  startup_stm32f429xx.o(.text)
    DMA1_Stream2_IRQHandler                  0x080001db   Thumb Code     0  startup_stm32f429xx.o(.text)
    DMA1_Stream3_IRQHandler                  0x080001db   Thumb Code     0  startup_stm32f429xx.o(.text)
    DMA1_Stream4_IRQHandler                  0x080001db   Thumb Code     0  startup_stm32f429xx.o(.text)
    DMA1_Stream5_IRQHandler                  0x080001db   Thumb Code     0  startup_stm32f429xx.o(.text)
    DMA1_Stream6_IRQHandler                  0x080001db   Thumb Code     0  startup_stm32f429xx.o(.text)
    DMA1_Stream7_IRQHandler                  0x080001db   Thumb Code     0  startup_stm32f429xx.o(.text)
    DMA2D_IRQHandler                         0x080001db   Thumb Code     0  startup_stm32f429xx.o(.text)
    DMA2_Stream1_IRQHandler                  0x080001db   Thumb Code     0  startup_stm32f429xx.o(.text)
    DMA2_Stream3_IRQHandler                  0x080001db   Thumb Code     0  startup_stm32f429xx.o(.text)
    DMA2_Stream4_IRQHandler                  0x080001db   Thumb Code     0  startup_stm32f429xx.o(.text)
    DMA2_Stream5_IRQHandler                  0x080001db   Thumb Code     0  startup_stm32f429xx.o(.text)
    DMA2_Stream6_IRQHandler                  0x080001db   Thumb Code     0  startup_stm32f429xx.o(.text)
    DMA2_Stream7_IRQHandler                  0x080001db   Thumb Code     0  startup_stm32f429xx.o(.text)
    ETH_IRQHandler                           0x080001db   Thumb Code     0  startup_stm32f429xx.o(.text)
    ETH_WKUP_IRQHandler                      0x080001db   Thumb Code     0  startup_stm32f429xx.o(.text)
    EXTI0_IRQHandler                         0x080001db   Thumb Code     0  startup_stm32f429xx.o(.text)
    EXTI15_10_IRQHandler                     0x080001db   Thumb Code     0  startup_stm32f429xx.o(.text)
    EXTI1_IRQHandler                         0x080001db   Thumb Code     0  startup_stm32f429xx.o(.text)
    EXTI2_IRQHandler                         0x080001db   Thumb Code     0  startup_stm32f429xx.o(.text)
    EXTI3_IRQHandler                         0x080001db   Thumb Code     0  startup_stm32f429xx.o(.text)
    EXTI4_IRQHandler                         0x080001db   Thumb Code     0  startup_stm32f429xx.o(.text)
    EXTI9_5_IRQHandler                       0x080001db   Thumb Code     0  startup_stm32f429xx.o(.text)
    FLASH_IRQHandler                         0x080001db   Thumb Code     0  startup_stm32f429xx.o(.text)
    FMC_IRQHandler                           0x080001db   Thumb Code     0  startup_stm32f429xx.o(.text)
    FPU_IRQHandler                           0x080001db   Thumb Code     0  startup_stm32f429xx.o(.text)
    HASH_RNG_IRQHandler                      0x080001db   Thumb Code     0  startup_stm32f429xx.o(.text)
    I2C1_ER_IRQHandler                       0x080001db   Thumb Code     0  startup_stm32f429xx.o(.text)
    I2C1_EV_IRQHandler                       0x080001db   Thumb Code     0  startup_stm32f429xx.o(.text)
    I2C2_ER_IRQHandler                       0x080001db   Thumb Code     0  startup_stm32f429xx.o(.text)
    I2C2_EV_IRQHandler                       0x080001db   Thumb Code     0  startup_stm32f429xx.o(.text)
    I2C3_ER_IRQHandler                       0x080001db   Thumb Code     0  startup_stm32f429xx.o(.text)
    I2C3_EV_IRQHandler                       0x080001db   Thumb Code     0  startup_stm32f429xx.o(.text)
    LTDC_ER_IRQHandler                       0x080001db   Thumb Code     0  startup_stm32f429xx.o(.text)
    LTDC_IRQHandler                          0x080001db   Thumb Code     0  startup_stm32f429xx.o(.text)
    OTG_FS_IRQHandler                        0x080001db   Thumb Code     0  startup_stm32f429xx.o(.text)
    OTG_FS_WKUP_IRQHandler                   0x080001db   Thumb Code     0  startup_stm32f429xx.o(.text)
    OTG_HS_EP1_IN_IRQHandler                 0x080001db   Thumb Code     0  startup_stm32f429xx.o(.text)
    OTG_HS_EP1_OUT_IRQHandler                0x080001db   Thumb Code     0  startup_stm32f429xx.o(.text)
    OTG_HS_IRQHandler                        0x080001db   Thumb Code     0  startup_stm32f429xx.o(.text)
    OTG_HS_WKUP_IRQHandler                   0x080001db   Thumb Code     0  startup_stm32f429xx.o(.text)
    PVD_IRQHandler                           0x080001db   Thumb Code     0  startup_stm32f429xx.o(.text)
    RCC_IRQHandler                           0x080001db   Thumb Code     0  startup_stm32f429xx.o(.text)
    RTC_Alarm_IRQHandler                     0x080001db   Thumb Code     0  startup_stm32f429xx.o(.text)
    RTC_WKUP_IRQHandler                      0x080001db   Thumb Code     0  startup_stm32f429xx.o(.text)
    SAI1_IRQHandler                          0x080001db   Thumb Code     0  startup_stm32f429xx.o(.text)
    SDIO_IRQHandler                          0x080001db   Thumb Code     0  startup_stm32f429xx.o(.text)
    SPI1_IRQHandler                          0x080001db   Thumb Code     0  startup_stm32f429xx.o(.text)
    SPI2_IRQHandler                          0x080001db   Thumb Code     0  startup_stm32f429xx.o(.text)
    SPI3_IRQHandler                          0x080001db   Thumb Code     0  startup_stm32f429xx.o(.text)
    SPI4_IRQHandler                          0x080001db   Thumb Code     0  startup_stm32f429xx.o(.text)
    SPI5_IRQHandler                          0x080001db   Thumb Code     0  startup_stm32f429xx.o(.text)
    SPI6_IRQHandler                          0x080001db   Thumb Code     0  startup_stm32f429xx.o(.text)
    TAMP_STAMP_IRQHandler                    0x080001db   Thumb Code     0  startup_stm32f429xx.o(.text)
    TIM1_BRK_TIM9_IRQHandler                 0x080001db   Thumb Code     0  startup_stm32f429xx.o(.text)
    TIM1_CC_IRQHandler                       0x080001db   Thumb Code     0  startup_stm32f429xx.o(.text)
    TIM1_TRG_COM_TIM11_IRQHandler            0x080001db   Thumb Code     0  startup_stm32f429xx.o(.text)
    TIM1_UP_TIM10_IRQHandler                 0x080001db   Thumb Code     0  startup_stm32f429xx.o(.text)
    TIM2_IRQHandler                          0x080001db   Thumb Code     0  startup_stm32f429xx.o(.text)
    TIM3_IRQHandler                          0x080001db   Thumb Code     0  startup_stm32f429xx.o(.text)
    TIM4_IRQHandler                          0x080001db   Thumb Code     0  startup_stm32f429xx.o(.text)
    TIM5_IRQHandler                          0x080001db   Thumb Code     0  startup_stm32f429xx.o(.text)
    TIM6_DAC_IRQHandler                      0x080001db   Thumb Code     0  startup_stm32f429xx.o(.text)
    TIM7_IRQHandler                          0x080001db   Thumb Code     0  startup_stm32f429xx.o(.text)
    TIM8_BRK_TIM12_IRQHandler                0x080001db   Thumb Code     0  startup_stm32f429xx.o(.text)
    TIM8_CC_IRQHandler                       0x080001db   Thumb Code     0  startup_stm32f429xx.o(.text)
    TIM8_TRG_COM_TIM14_IRQHandler            0x080001db   Thumb Code     0  startup_stm32f429xx.o(.text)
    TIM8_UP_TIM13_IRQHandler                 0x080001db   Thumb Code     0  startup_stm32f429xx.o(.text)
    UART4_IRQHandler                         0x080001db   Thumb Code     0  startup_stm32f429xx.o(.text)
    UART5_IRQHandler                         0x080001db   Thumb Code     0  startup_stm32f429xx.o(.text)
    UART7_IRQHandler                         0x080001db   Thumb Code     0  startup_stm32f429xx.o(.text)
    UART8_IRQHandler                         0x080001db   Thumb Code     0  startup_stm32f429xx.o(.text)
    USART1_IRQHandler                        0x080001db   Thumb Code     0  startup_stm32f429xx.o(.text)
    USART2_IRQHandler                        0x080001db   Thumb Code     0  startup_stm32f429xx.o(.text)
    USART3_IRQHandler                        0x080001db   Thumb Code     0  startup_stm32f429xx.o(.text)
    USART6_IRQHandler                        0x080001db   Thumb Code     0  startup_stm32f429xx.o(.text)
    WWDG_IRQHandler                          0x080001db   Thumb Code     0  startup_stm32f429xx.o(.text)
    __aeabi_uldivmod                         0x080001e5   Thumb Code    98  uldiv.o(.text)
    __aeabi_memset                           0x08000247   Thumb Code    14  memseta.o(.text)
    __aeabi_memset4                          0x08000247   Thumb Code     0  memseta.o(.text)
    __aeabi_memset8                          0x08000247   Thumb Code     0  memseta.o(.text)
    __aeabi_memclr                           0x08000255   Thumb Code     4  memseta.o(.text)
    __aeabi_memclr4                          0x08000255   Thumb Code     0  memseta.o(.text)
    __aeabi_memclr8                          0x08000255   Thumb Code     0  memseta.o(.text)
    _memset$wrapper                          0x08000259   Thumb Code    18  memseta.o(.text)
    strlen                                   0x0800026b   Thumb Code    14  strlen.o(.text)
    __aeabi_dadd                             0x08000279   Thumb Code   322  dadd.o(.text)
    __aeabi_dsub                             0x080003bb   Thumb Code     6  dadd.o(.text)
    __aeabi_drsub                            0x080003c1   Thumb Code     6  dadd.o(.text)
    __aeabi_dmul                             0x080003c7   Thumb Code   228  dmul.o(.text)
    __aeabi_ddiv                             0x080004ab   Thumb Code   222  ddiv.o(.text)
    __aeabi_i2d                              0x08000589   Thumb Code    34  dflti.o(.text)
    __aeabi_ui2d                             0x080005ab   Thumb Code    26  dfltui.o(.text)
    __aeabi_d2iz                             0x080005c5   Thumb Code    62  dfixi.o(.text)
    __aeabi_d2uiz                            0x08000603   Thumb Code    50  dfixui.o(.text)
    __aeabi_f2d                              0x08000635   Thumb Code    38  f2d.o(.text)
    __aeabi_cdcmpeq                          0x0800065d   Thumb Code     0  cdcmple.o(.text)
    __aeabi_cdcmple                          0x0800065d   Thumb Code    48  cdcmple.o(.text)
    __aeabi_cdrcmple                         0x0800068d   Thumb Code    48  cdrcmple.o(.text)
    __aeabi_d2f                              0x080006bd   Thumb Code    56  d2f.o(.text)
    __aeabi_uidiv                            0x080006f5   Thumb Code     0  uidiv.o(.text)
    __aeabi_uidivmod                         0x080006f5   Thumb Code    44  uidiv.o(.text)
    __aeabi_llsl                             0x08000721   Thumb Code    30  llshl.o(.text)
    _ll_shift_l                              0x08000721   Thumb Code     0  llshl.o(.text)
    __aeabi_llsr                             0x0800073f   Thumb Code    32  llushr.o(.text)
    _ll_ushift_r                             0x0800073f   Thumb Code     0  llushr.o(.text)
    __aeabi_lasr                             0x0800075f   Thumb Code    36  llsshr.o(.text)
    _ll_sshift_r                             0x0800075f   Thumb Code     0  llsshr.o(.text)
    __I$use$fp                               0x08000783   Thumb Code     0  iusefp.o(.text)
    _float_round                             0x08000783   Thumb Code    18  fepilogue.o(.text)
    _float_epilogue                          0x08000795   Thumb Code    92  fepilogue.o(.text)
    _double_round                            0x080007f1   Thumb Code    30  depilogue.o(.text)
    _double_epilogue                         0x0800080f   Thumb Code   156  depilogue.o(.text)
    __ARM_scalbn                             0x080008ab   Thumb Code    46  dscalb.o(.text)
    scalbn                                   0x080008ab   Thumb Code     0  dscalb.o(.text)
    __scatterload                            0x080008d9   Thumb Code    28  init.o(.text)
    __scatterload_rt2                        0x080008d9   Thumb Code     0  init.o(.text)
    _dsqrt                                   0x080008fd   Thumb Code   162  dsqrt.o(.text)
    __decompress                             0x0800099f   Thumb Code     0  __dczerorl2.o(.text)
    __decompress1                            0x0800099f   Thumb Code    86  __dczerorl2.o(.text)
    Auto_limits                              0x08000bad   Thumb Code    44  main.o(i.Auto_limits)
    Blender                                  0x08000bdd   Thumb Code   342  main.o(i.Blender)
    BusFault_Handler                         0x08000d59   Thumb Code     2  stm32f4xx_it.o(i.BusFault_Handler)
    CMV_VC                                   0x08000d5d   Thumb Code   968  main.o(i.CMV_VC)
    CMV_default                              0x0800115d   Thumb Code   350  main.o(i.CMV_default)
    Claculate_Flowrate                       0x080012e5   Thumb Code   178  main.o(i.Claculate_Flowrate)
    DMA2_Stream0_IRQHandler                  0x080013c9   Thumb Code     6  stm32f4xx_it.o(i.DMA2_Stream0_IRQHandler)
    DMA2_Stream2_IRQHandler                  0x080013d5   Thumb Code     6  stm32f4xx_it.o(i.DMA2_Stream2_IRQHandler)
    DebugMon_Handler                         0x08001485   Thumb Code     2  stm32f4xx_it.o(i.DebugMon_Handler)
    Error_Handler                            0x08001487   Thumb Code     2  main.o(i.Error_Handler)
    FLASH_Erase_Sector                       0x08001489   Thumb Code    80  stm32f4xx_hal_flash_ex.o(i.FLASH_Erase_Sector)
    FLASH_WaitForLastOperation               0x080015ed   Thumb Code    72  stm32f4xx_hal_flash.o(i.FLASH_WaitForLastOperation)
    Flash_Write                              0x0800163d   Thumb Code    38  main.o(i.Flash_Write)
    HAL_ADC_ConfigChannel                    0x08001665   Thumb Code   334  stm32f4xx_hal_adc.o(i.HAL_ADC_ConfigChannel)
    HAL_ADC_ConvCpltCallback                 0x080017c9   Thumb Code     2  stm32f4xx_hal_adc.o(i.HAL_ADC_ConvCpltCallback)
    HAL_ADC_ConvHalfCpltCallback             0x080017cb   Thumb Code     2  stm32f4xx_hal_adc.o(i.HAL_ADC_ConvHalfCpltCallback)
    HAL_ADC_ErrorCallback                    0x080017cd   Thumb Code     2  stm32f4xx_hal_adc.o(i.HAL_ADC_ErrorCallback)
    HAL_ADC_Init                             0x080017cf   Thumb Code    84  stm32f4xx_hal_adc.o(i.HAL_ADC_Init)
    HAL_ADC_MspInit                          0x08001825   Thumb Code   186  adc.o(i.HAL_ADC_MspInit)
    HAL_ADC_Start_DMA                        0x080018fd   Thumb Code   268  stm32f4xx_hal_adc.o(i.HAL_ADC_Start_DMA)
    HAL_DMA_IRQHandler                       0x08001a2d   Thumb Code   412  stm32f4xx_hal_dma.o(i.HAL_DMA_IRQHandler)
    HAL_DMA_Init                             0x08001bcd   Thumb Code   206  stm32f4xx_hal_dma.o(i.HAL_DMA_Init)
    HAL_DMA_Start_IT                         0x08001ca1   Thumb Code   110  stm32f4xx_hal_dma.o(i.HAL_DMA_Start_IT)
    HAL_Delay                                0x08001d11   Thumb Code    32  stm32f4xx_hal.o(i.HAL_Delay)
    HAL_FLASH_Lock                           0x08001d35   Thumb Code    14  stm32f4xx_hal_flash.o(i.HAL_FLASH_Lock)
    HAL_FLASH_Program                        0x08001d49   Thumb Code   116  stm32f4xx_hal_flash.o(i.HAL_FLASH_Program)
    HAL_FLASH_Unlock                         0x08001dc5   Thumb Code    32  stm32f4xx_hal_flash.o(i.HAL_FLASH_Unlock)
    HAL_GPIO_Init                            0x08001df1   Thumb Code   414  stm32f4xx_hal_gpio.o(i.HAL_GPIO_Init)
    HAL_GPIO_ReadPin                         0x08001fc5   Thumb Code    10  stm32f4xx_hal_gpio.o(i.HAL_GPIO_ReadPin)
    HAL_GPIO_WritePin                        0x08001fcf   Thumb Code    10  stm32f4xx_hal_gpio.o(i.HAL_GPIO_WritePin)
    HAL_GetTick                              0x08001fd9   Thumb Code     6  stm32f4xx_hal.o(i.HAL_GetTick)
    HAL_I2CEx_ConfigAnalogFilter             0x08001fe5   Thumb Code    66  stm32f4xx_hal_i2c_ex.o(i.HAL_I2CEx_ConfigAnalogFilter)
    HAL_I2CEx_ConfigDigitalFilter            0x08002027   Thumb Code    62  stm32f4xx_hal_i2c_ex.o(i.HAL_I2CEx_ConfigDigitalFilter)
    HAL_I2C_Init                             0x08002065   Thumb Code   376  stm32f4xx_hal_i2c.o(i.HAL_I2C_Init)
    HAL_I2C_Master_Receive                   0x080021ed   Thumb Code   468  stm32f4xx_hal_i2c.o(i.HAL_I2C_Master_Receive)
    HAL_I2C_Master_Transmit                  0x080023cd   Thumb Code   290  stm32f4xx_hal_i2c.o(i.HAL_I2C_Master_Transmit)
    HAL_I2C_MspInit                          0x080024f9   Thumb Code   118  i2c.o(i.HAL_I2C_MspInit)
    HAL_IncTick                              0x08002581   Thumb Code    12  stm32f4xx_hal.o(i.HAL_IncTick)
    HAL_Init                                 0x08002591   Thumb Code    48  stm32f4xx_hal.o(i.HAL_Init)
    HAL_InitTick                             0x080025c5   Thumb Code    54  stm32f4xx_hal.o(i.HAL_InitTick)
    HAL_MspInit                              0x08002605   Thumb Code    42  stm32f4xx_hal_msp.o(i.HAL_MspInit)
    HAL_NVIC_EnableIRQ                       0x08002635   Thumb Code    26  stm32f4xx_hal_cortex.o(i.HAL_NVIC_EnableIRQ)
    HAL_NVIC_SetPriority                     0x08002651   Thumb Code    60  stm32f4xx_hal_cortex.o(i.HAL_NVIC_SetPriority)
    HAL_NVIC_SetPriorityGrouping             0x08002691   Thumb Code    26  stm32f4xx_hal_cortex.o(i.HAL_NVIC_SetPriorityGrouping)
    HAL_RCC_ClockConfig                      0x080026b5   Thumb Code   288  stm32f4xx_hal_rcc.o(i.HAL_RCC_ClockConfig)
    HAL_RCC_GetPCLK1Freq                     0x080027e9   Thumb Code    20  stm32f4xx_hal_rcc.o(i.HAL_RCC_GetPCLK1Freq)
    HAL_RCC_GetPCLK2Freq                     0x08002809   Thumb Code    20  stm32f4xx_hal_rcc.o(i.HAL_RCC_GetPCLK2Freq)
    HAL_RCC_GetSysClockFreq                  0x08002829   Thumb Code    88  stm32f4xx_hal_rcc.o(i.HAL_RCC_GetSysClockFreq)
    HAL_RCC_OscConfig                        0x0800288d   Thumb Code   840  stm32f4xx_hal_rcc.o(i.HAL_RCC_OscConfig)
    HAL_SYSTICK_Config                       0x08002be9   Thumb Code    40  stm32f4xx_hal_cortex.o(i.HAL_SYSTICK_Config)
    HAL_TIMEx_ConfigBreakDeadTime            0x08002c11   Thumb Code    84  stm32f4xx_hal_tim_ex.o(i.HAL_TIMEx_ConfigBreakDeadTime)
    HAL_TIMEx_MasterConfigSynchronization    0x08002c65   Thumb Code   116  stm32f4xx_hal_tim_ex.o(i.HAL_TIMEx_MasterConfigSynchronization)
    HAL_TIM_Base_Init                        0x08002cf5   Thumb Code    54  stm32f4xx_hal_tim.o(i.HAL_TIM_Base_Init)
    HAL_TIM_Base_MspInit                     0x08002d2d   Thumb Code    78  tim.o(i.HAL_TIM_Base_MspInit)
    HAL_TIM_Encoder_Init                     0x08002d8d   Thumb Code   152  stm32f4xx_hal_tim.o(i.HAL_TIM_Encoder_Init)
    HAL_TIM_Encoder_MspInit                  0x08002e25   Thumb Code   150  tim.o(i.HAL_TIM_Encoder_MspInit)
    HAL_TIM_Encoder_Start                    0x08002ed1   Thumb Code    52  stm32f4xx_hal_tim.o(i.HAL_TIM_Encoder_Start)
    HAL_TIM_MspPostInit                      0x08002f05   Thumb Code   374  tim.o(i.HAL_TIM_MspPostInit)
    HAL_TIM_PWM_ConfigChannel                0x080030a9   Thumb Code   208  stm32f4xx_hal_tim.o(i.HAL_TIM_PWM_ConfigChannel)
    HAL_TIM_PWM_Init                         0x08003179   Thumb Code    54  stm32f4xx_hal_tim.o(i.HAL_TIM_PWM_Init)
    HAL_TIM_PWM_MspInit                      0x080031b1   Thumb Code    86  tim.o(i.HAL_TIM_PWM_MspInit)
    HAL_TIM_PWM_Start                        0x08003219   Thumb Code    58  stm32f4xx_hal_tim.o(i.HAL_TIM_PWM_Start)
    HAL_UART_ErrorCallback                   0x0800325d   Thumb Code     2  stm32f4xx_hal_uart.o(i.HAL_UART_ErrorCallback)
    HAL_UART_Init                            0x0800325f   Thumb Code    98  stm32f4xx_hal_uart.o(i.HAL_UART_Init)
    HAL_UART_MspInit                         0x080032c1   Thumb Code   148  usart.o(i.HAL_UART_MspInit)
    HAL_UART_Receive_DMA                     0x08003369   Thumb Code   138  stm32f4xx_hal_uart.o(i.HAL_UART_Receive_DMA)
    HAL_UART_RxCpltCallback                  0x08003401   Thumb Code   360  main.o(i.HAL_UART_RxCpltCallback)
    HAL_UART_RxHalfCpltCallback              0x08003575   Thumb Code     2  stm32f4xx_hal_uart.o(i.HAL_UART_RxHalfCpltCallback)
    HAL_UART_Transmit                        0x08003577   Thumb Code   186  stm32f4xx_hal_uart.o(i.HAL_UART_Transmit)
    HardFault_Handler                        0x08003631   Thumb Code     2  stm32f4xx_it.o(i.HardFault_Handler)
    MX_ADC1_Init                             0x080039e5   Thumb Code   116  adc.o(i.MX_ADC1_Init)
    MX_DMA_Init                              0x08003a65   Thumb Code    56  dma.o(i.MX_DMA_Init)
    MX_GPIO_Init                             0x08003aa1   Thumb Code   222  gpio.o(i.MX_GPIO_Init)
    MX_I2C3_Init                             0x08003b95   Thumb Code    78  i2c.o(i.MX_I2C3_Init)
    MX_TIM10_Init                            0x08003bf1   Thumb Code    94  tim.o(i.MX_TIM10_Init)
    MX_TIM11_Init                            0x08003c59   Thumb Code    94  tim.o(i.MX_TIM11_Init)
    MX_TIM14_Init                            0x08003cc1   Thumb Code    94  tim.o(i.MX_TIM14_Init)
    MX_TIM1_Init                             0x08003d29   Thumb Code   150  tim.o(i.MX_TIM1_Init)
    MX_TIM2_Init                             0x08003dc9   Thumb Code   138  tim.o(i.MX_TIM2_Init)
    MX_TIM3_Init                             0x08003e59   Thumb Code   120  tim.o(i.MX_TIM3_Init)
    MX_TIM4_Init                             0x08003ed9   Thumb Code    98  tim.o(i.MX_TIM4_Init)
    MX_TIM5_Init                             0x08003f45   Thumb Code   104  tim.o(i.MX_TIM5_Init)
    MX_TIM8_Init                             0x08003fb5   Thumb Code   100  tim.o(i.MX_TIM8_Init)
    MX_USART1_UART_Init                      0x08004021   Thumb Code    48  usart.o(i.MX_USART1_UART_Init)
    MemManage_Handler                        0x08004059   Thumb Code     2  stm32f4xx_it.o(i.MemManage_Handler)
    NEXTION_PageChange                       0x0800405d   Thumb Code    46  main.o(i.NEXTION_PageChange)
    NEXTION_PicChange                        0x080040a1   Thumb Code    46  main.o(i.NEXTION_PicChange)
    NEXTION_SendFloat                        0x080040e9   Thumb Code    48  main.o(i.NEXTION_SendFloat)
    NEXTION_SendGraph                        0x08004131   Thumb Code    52  main.o(i.NEXTION_SendGraph)
    NEXTION_SendInteger                      0x08004181   Thumb Code    48  main.o(i.NEXTION_SendInteger)
    NEXTION_SendString                       0x080041c9   Thumb Code    48  main.o(i.NEXTION_SendString)
    NEXTION_Text_Background                  0x08004211   Thumb Code    48  main.o(i.NEXTION_Text_Background)
    NEXTION_Text_FontColor                   0x08004259   Thumb Code    48  main.o(i.NEXTION_Text_FontColor)
    NMI_Handler                              0x080042a1   Thumb Code     2  stm32f4xx_it.o(i.NMI_Handler)
    PendSV_Handler                           0x080042a3   Thumb Code     2  stm32f4xx_it.o(i.PendSV_Handler)
    RR_IE_VE_Monitoring                      0x080042a5   Thumb Code   226  main.o(i.RR_IE_VE_Monitoring)
    SVC_Handler                              0x0800439d   Thumb Code     2  stm32f4xx_it.o(i.SVC_Handler)
    SysTick_Handler                          0x0800439f   Thumb Code     4  stm32f4xx_it.o(i.SysTick_Handler)
    SystemClock_Config                       0x080043a5   Thumb Code   106  main.o(i.SystemClock_Config)
    SystemInit                               0x08004419   Thumb Code    22  system_stm32f4xx.o(i.SystemInit)
    TIM_Base_SetConfig                       0x08004435   Thumb Code   156  stm32f4xx_hal_tim.o(i.TIM_Base_SetConfig)
    TIM_CCxChannelCmd                        0x080044fd   Thumb Code    26  stm32f4xx_hal_tim.o(i.TIM_CCxChannelCmd)
    TIM_OC2_SetConfig                        0x08004579   Thumb Code    98  stm32f4xx_hal_tim.o(i.TIM_OC2_SetConfig)
    Tidal_Volume                             0x0800469d   Thumb Code   324  main.o(i.Tidal_Volume)
    UsageFault_Handler                       0x08004a69   Thumb Code     2  stm32f4xx_it.o(i.UsageFault_Handler)
    __0sprintf$3                             0x08004a6d   Thumb Code    34  printf3.o(i.__0sprintf$3)
    __1sprintf$3                             0x08004a6d   Thumb Code     0  printf3.o(i.__0sprintf$3)
    __2sprintf                               0x08004a6d   Thumb Code     0  printf3.o(i.__0sprintf$3)
    __ARM_fpclassify                         0x08004a95   Thumb Code    48  fpclassify.o(i.__ARM_fpclassify)
    __hardfp_ceil                            0x08004ae9   Thumb Code   252  ceil.o(i.__hardfp_ceil)
    __hardfp_fabs                            0x08004c01   Thumb Code    20  fabs.o(i.__hardfp_fabs)
    __hardfp_pow                             0x08004c19   Thumb Code  3072  pow.o(i.__hardfp_pow)
    __kernel_poly                            0x08005869   Thumb Code   248  poly.o(i.__kernel_poly)
    __mathlib_dbl_divzero                    0x08005961   Thumb Code    28  dunder.o(i.__mathlib_dbl_divzero)
    __mathlib_dbl_infnan2                    0x08005991   Thumb Code    20  dunder.o(i.__mathlib_dbl_infnan2)
    __mathlib_dbl_invalid                    0x080059a9   Thumb Code    24  dunder.o(i.__mathlib_dbl_invalid)
    __mathlib_dbl_overflow                   0x080059c9   Thumb Code    24  dunder.o(i.__mathlib_dbl_overflow)
    __mathlib_dbl_underflow                  0x080059e9   Thumb Code    24  dunder.o(i.__mathlib_dbl_underflow)
    __scatterload_copy                       0x08005a09   Thumb Code    14  handlers.o(i.__scatterload_copy)
    __scatterload_null                       0x08005a17   Thumb Code     2  handlers.o(i.__scatterload_null)
    __scatterload_zeroinit                   0x08005a19   Thumb Code    14  handlers.o(i.__scatterload_zeroinit)
    __set_errno                              0x08005a29   Thumb Code     6  errno.o(i.__set_errno)
    ads_readADC_SingleEnded_0                0x08005bf9   Thumb Code    90  main.o(i.ads_readADC_SingleEnded_0)
    ads_readADC_SingleEnded_1                0x08005c5d   Thumb Code    90  main.o(i.ads_readADC_SingleEnded_1)
    ads_read_Sensirion                       0x08005cc1   Thumb Code    70  main.o(i.ads_read_Sensirion)
    ads_read_for_oxygen                      0x08005d15   Thumb Code    90  main.o(i.ads_read_for_oxygen)
    alarm_beep                               0x08005d79   Thumb Code    98  main.o(i.alarm_beep)
    alarm_display                            0x08005de5   Thumb Code   372  main.o(i.alarm_display)
    alarms_VC                                0x08006055   Thumb Code   226  main.o(i.alarms_VC)
    buffer_knob                              0x08006151   Thumb Code   344  main.o(i.buffer_knob)
    cont_p                                   0x080062d1   Thumb Code   110  main.o(i.cont_p)
    controls_page                            0x0800635d   Thumb Code    62  main.o(i.controls_page)
    counter_position                         0x080063a5   Thumb Code    48  main.o(i.counter_position)
    default_values                           0x080063dd   Thumb Code    74  main.o(i.default_values)
    display                                  0x08006439   Thumb Code   598  main.o(i.display)
    display_graph                            0x08006701   Thumb Code    48  main.o(i.display_graph)
    fabs                                     0x08006735   Thumb Code    24  fabs.o(i.fabs)
    knob                                     0x0800674d   Thumb Code  1956  main.o(i.knob)
    main                                     0x08006ef1   Thumb Code   958  main.o(i.main)
    millis                                   0x08007341   Thumb Code    20  main.o(i.millis)
    orange_pic                               0x08007359   Thumb Code    66  main.o(i.orange_pic)
    peep_generator                           0x080073a1   Thumb Code   146  main.o(i.peep_generator)
    read_flow_sensor                         0x08007469   Thumb Code   284  main.o(i.read_flow_sensor)
    read_lung_Pressure_sensor                0x080075a1   Thumb Code   346  main.o(i.read_lung_Pressure_sensor)
    read_oxygen                              0x0800772d   Thumb Code    64  main.o(i.read_oxygen)
    sqrt                                     0x0800777d   Thumb Code   110  sqrt.o(i.sqrt)
    AHBPrescTable                            0x080077f2   Data          16  system_stm32f4xx.o(.constdata)
    APBPrescTable                            0x08007802   Data           8  system_stm32f4xx.o(.constdata)
    __mathlib_zero                           0x08007898   Data           8  qnan.o(.constdata)
    Region$$Table$$Base                      0x080078a0   Number         0  anon$$obj.o(Region$$Table)
    Region$$Table$$Limit                     0x080078c0   Number         0  anon$$obj.o(Region$$Table)
    Peep_nextion_flag                        0x20000000   Data           1  main.o(.data)
    change_value_flag                        0x20000001   Data           1  main.o(.data)
    confirm_flag                             0x20000002   Data           1  main.o(.data)
    display_appear                           0x20000003   Data           1  main.o(.data)
    enter_flag                               0x20000004   Data           1  main.o(.data)
    controls_flag                            0x20000005   Data           1  main.o(.data)
    touch_set_flag                           0x20000006   Data           1  main.o(.data)
    Auto_fill_limits                         0x20000007   Data           1  main.o(.data)
    vt_pip_flag                              0x20000008   Data           1  main.o(.data)
    pic_change                               0x20000009   Data           1  main.o(.data)
    Insp_start_time_flag                     0x2000000a   Data           1  main.o(.data)
    volume_complete_flag                     0x2000000b   Data           1  main.o(.data)
    Insp_flag                                0x2000000c   Data           1  main.o(.data)
    Flowrate_zero_time_flag                  0x2000000d   Data           1  main.o(.data)
    Supported_window_flag                    0x2000000e   Data           1  main.o(.data)
    IE_monitoring_flag                       0x2000000f   Data           1  main.o(.data)
    RR_monitoring_flag                       0x20000010   Data           1  main.o(.data)
    PS_for_SIMV_flag                         0x20000011   Data           1  main.o(.data)
    pip_alarm                                0x20000012   Data           1  main.o(.data)
    vt_alarm                                 0x20000013   Data           1  main.o(.data)
    rr_alarm                                 0x20000014   Data           1  main.o(.data)
    peep_alarm                               0x20000015   Data           1  main.o(.data)
    fio2_alarm                               0x20000016   Data           1  main.o(.data)
    ve_alarm                                 0x20000017   Data           1  main.o(.data)
    parameter_value_change                   0x20000018   Data           1  main.o(.data)
    skip_one_cycle                           0x20000019   Data           1  main.o(.data)
    disconnection_alarm                      0x2000001a   Data           1  main.o(.data)
    pressure_exceed_max                      0x2000001b   Data           1  main.o(.data)
    disconnection_time_counter               0x2000001c   Data           1  main.o(.data)
    no_of_alarms                             0x2000001d   Data           1  main.o(.data)
    move_motor                               0x2000001e   Data           1  main.o(.data)
    for_back_flag                            0x2000001f   Data           1  main.o(.data)
    upper_bound                              0x20000020   Data           1  main.o(.data)
    lower_bound                              0x20000021   Data           1  main.o(.data)
    pip_max                                  0x20000022   Data           1  main.o(.data)
    pip_low                                  0x20000023   Data           1  main.o(.data)
    rr_max                                   0x20000024   Data           1  main.o(.data)
    rr_low                                   0x20000025   Data           1  main.o(.data)
    ve_max                                   0x20000026   Data           1  main.o(.data)
    ve_low                                   0x20000027   Data           1  main.o(.data)
    pip_max_buffer                           0x20000028   Data           1  main.o(.data)
    pip_low_buffer                           0x20000029   Data           1  main.o(.data)
    rr_max_buffer                            0x2000002a   Data           1  main.o(.data)
    rr_low_buffer                            0x2000002b   Data           1  main.o(.data)
    lpm_counter                              0x2000002c   Data           1  main.o(.data)
    FiO2_Sensor1                             0x2000002d   Data           1  main.o(.data)
    valve4_state                             0x2000002e   Data           1  main.o(.data)
    valve5_state                             0x2000002f   Data           1  main.o(.data)
    flag_to_detect_PS_SIMV_trigger           0x20000030   Data           1  main.o(.data)
    Flowrate_zero_time_flag_SIMV_trigger     0x20000031   Data           1  main.o(.data)
    pwm_for_blender_motor                    0x20000032   Data           2  main.o(.data)
    vt_max                                   0x20000034   Data           2  main.o(.data)
    vt_low                                   0x20000036   Data           2  main.o(.data)
    vt_max_buffer                            0x20000038   Data           2  main.o(.data)
    vt_low_buffer                            0x2000003a   Data           2  main.o(.data)
    ve_max_buffer                            0x2000003c   Data           2  main.o(.data)
    ve_low_buffer                            0x2000003e   Data           2  main.o(.data)
    static_resistance                        0x20000040   Data           2  main.o(.data)
    Last_encoder_Value                       0x20000042   Data           2  main.o(.data)
    pwm_for_defined_flow_curve               0x20000044   Data           2  main.o(.data)
    FB_volt                                  0x20000046   Data           2  main.o(.data)
    ending_array_for_nextion                 0x20000048   Data           3  main.o(.data)
    buffer_for_sensirion                     0x2000004b   Data           3  main.o(.data)
    LpM_Sensor4_for_nextion                  0x20000050   Data           4  main.o(.data)
    cmH2O_Sensor3_for_nextion                0x20000054   Data           4  main.o(.data)
    VT_for_nextion                           0x20000058   Data           4  main.o(.data)
    button_press                             0x2000005c   Data           4  main.o(.data)
    previous_button_press                    0x20000060   Data           4  main.o(.data)
    t_for_rotary                             0x20000064   Data           4  main.o(.data)
    p_for_knob                               0x20000068   Data           4  main.o(.data)
    vt_for_knob                              0x2000006c   Data           4  main.o(.data)
    pif_for_knob                             0x20000070   Data           4  main.o(.data)
    ie_for_knob                              0x20000074   Data           4  main.o(.data)
    rr_for_knob                              0x20000078   Data           4  main.o(.data)
    PS_for_knob                              0x2000007c   Data           4  main.o(.data)
    PEEP_for_knob                            0x20000080   Data           4  main.o(.data)
    FiO2_for_knob                            0x20000084   Data           4  main.o(.data)
    trigger_for_knob                         0x20000088   Data           4  main.o(.data)
    trigger_count                            0x2000008c   Data           4  main.o(.data)
    trigger_taken                            0x20000090   Data           4  main.o(.data)
    change_mode_variable                     0x20000094   Data           4  main.o(.data)
    current_page                             0x20000098   Data           4  main.o(.data)
    Previous_page                            0x2000009c   Data           4  main.o(.data)
    current_pic                              0x200000a0   Data           4  main.o(.data)
    knob_value                               0x200000a4   Data           4  main.o(.data)
    previous_knob_value                      0x200000a8   Data           4  main.o(.data)
    p_for_buffer                             0x200000ac   Data           4  main.o(.data)
    vt_for_buffer                            0x200000b0   Data           4  main.o(.data)
    pif_for_buffer                           0x200000b4   Data           4  main.o(.data)
    ie_for_buffer                            0x200000b8   Data           4  main.o(.data)
    rr_for_buffer                            0x200000bc   Data           4  main.o(.data)
    PS_for_buffer                            0x200000c0   Data           4  main.o(.data)
    PEEP_for_buffer                          0x200000c4   Data           4  main.o(.data)
    FiO2_for_buffer                          0x200000c8   Data           4  main.o(.data)
    previous_FiO2                            0x200000cc   Data           4  main.o(.data)
    trigger_for_buffer                       0x200000d0   Data           4  main.o(.data)
    pressure_support_measured                0x200000d4   Data           4  main.o(.data)
    previous_change_mode_touch_variable      0x200000d8   Data           4  main.o(.data)
    change_mode_touch_variable_buffer        0x200000dc   Data           4  main.o(.data)
    peep_set                                 0x200000e0   Data           4  main.o(.data)
    FiO2_set                                 0x200000e4   Data           4  main.o(.data)
    LpM_Max_real_display                     0x200000e8   Data           4  main.o(.data)
    EXP_PWM                                  0x200000ec   Data           4  main.o(.data)
    results_3_calib                          0x200000f0   Data           4  main.o(.data)
    PEEP_cmH2O                               0x200000f4   Data           4  main.o(.data)
    PIP_display                              0x200000f8   Data           4  main.o(.data)
    cmH2O_Sensor2                            0x200000fc   Data           4  main.o(.data)
    results_2_calib                          0x20000100   Data           4  main.o(.data)
    results_4_calib                          0x20000104   Data           4  main.o(.data)
    results_4                                0x20000108   Data           4  main.o(.data)
    VT_max_display                           0x2000010c   Data           4  main.o(.data)
    sample_time                              0x20000110   Data           4  main.o(.data)
    time_last_taken                          0x20000114   Data           4  main.o(.data)
    Breath_time_wo_exp_pause                 0x20000118   Data           4  main.o(.data)
    currentMillisIE                          0x2000011c   Data           4  main.o(.data)
    IE_monitoring_for_display                0x20000120   Data           4  main.o(.data)
    previousMillisRR                         0x20000124   Data           4  main.o(.data)
    currentMillisRR                          0x20000128   Data           4  main.o(.data)
    RR_monitoring_final                      0x2000012c   Data           4  main.o(.data)
    Minute_volume_real                       0x20000130   Data           4  main.o(.data)
    Expr_msecs_PS_SIMV                       0x20000134   Data           4  main.o(.data)
    Insp_msecs_PS_SIMV                       0x20000138   Data           4  main.o(.data)
    Flow_rate_for_volume                     0x2000013c   Data           4  main.o(.data)
    SampleTime                               0x20000140   Data           4  main.o(.data)
    ipap                                     0x20000144   Data           4  main.o(.data)
    epap                                     0x20000148   Data           4  main.o(.data)
    display_counter                          0x2000014c   Data           4  main.o(.data)
    beep                                     0x20000150   Data           4  main.o(.data)
    blender_millis                           0x20000154   Data           4  main.o(.data)
    current_encoder                          0x20000158   Data           4  main.o(.data)
    previous_encoder                         0x2000015c   Data           4  main.o(.data)
    current_blender_position                 0x20000160   Data           4  main.o(.data)
    required_encoder                         0x20000164   Data           4  main.o(.data)
    index_counter                            0x20000168   Data           4  main.o(.data)
    static_compliance                        0x2000016c   Data           4  main.o(.data)
    rxbuf_nextion                            0x20000170   Data           4  main.o(.data)
    rxbuf_nextion_previous                   0x20000174   Data           4  main.o(.data)
    RR_min                                   0x20000178   Data           4  main.o(.data)
    E_I_ratio                                0x2000017c   Data           4  main.o(.data)
    PIP_cmH2O                                0x20000180   Data           4  main.o(.data)
    Flow_rate                                0x20000184   Data           4  main.o(.data)
    Pressure_support                         0x20000188   Data           4  main.o(.data)
    I_plus_E                                 0x2000018c   Data           4  main.o(.data)
    Insp_secs                                0x20000190   Data           4  main.o(.data)
    Expr_secs                                0x20000194   Data           4  main.o(.data)
    Insp_msecs                               0x20000198   Data           4  main.o(.data)
    Expr_msecs                               0x2000019c   Data           4  main.o(.data)
    reading_ended                            0x200001a0   Data           4  main.o(.data)
    ADC_Sensor3                              0x200001a4   Data           4  main.o(.data)
    ADC_Volts_Sensor3                        0x200001a8   Data           4  main.o(.data)
    kpa_Sensor3                              0x200001ac   Data           4  main.o(.data)
    results_3                                0x200001b0   Data           4  main.o(.data)
    Plateau                                  0x200001b4   Data           4  main.o(.data)
    ADC_Sensor2                              0x200001b8   Data           4  main.o(.data)
    ADC_Volts_Sensor2                        0x200001bc   Data           4  main.o(.data)
    kpa_Sensor2                              0x200001c0   Data           4  main.o(.data)
    results_2                                0x200001c4   Data           4  main.o(.data)
    results_1                                0x200001c8   Data           4  main.o(.data)
    ADC_Volts_Sensor1                        0x200001cc   Data           4  main.o(.data)
    ADC_Sensor1                              0x200001d0   Data           4  main.o(.data)
    Time_in_ms                               0x200001d4   Data           4  main.o(.data)
    previousMillis                           0x200001d8   Data           4  main.o(.data)
    current_time                             0x200001dc   Data           4  main.o(.data)
    prev_time                                0x200001e0   Data           4  main.o(.data)
    dt                                       0x200001e4   Data           4  main.o(.data)
    valve4_state_for_prop                    0x200001e8   Data           4  main.o(.data)
    LpM_for_tidal_volume                     0x200001ec   Data           4  main.o(.data)
    VT_max                                   0x200001f0   Data           4  main.o(.data)
    Insp_start_time                          0x200001f4   Data           4  main.o(.data)
    Flowrate_zero_time                       0x200001f8   Data           4  main.o(.data)
    Exp_start_time                           0x200001fc   Data           4  main.o(.data)
    Expiratory_pause                         0x20000200   Data           4  main.o(.data)
    Trigger_time_absolute                    0x20000204   Data           4  main.o(.data)
    Trigger_time                             0x20000208   Data           4  main.o(.data)
    Time_after_trigger                       0x2000020c   Data           4  main.o(.data)
    Insp_Exp_centre_millis                   0x20000210   Data           4  main.o(.data)
    TCT_monitoring                           0x20000214   Data           4  main.o(.data)
    Insp_monitoring                          0x20000218   Data           4  main.o(.data)
    Exp_monitoring                           0x2000021c   Data           4  main.o(.data)
    IE_monitoring_final                      0x20000220   Data           4  main.o(.data)
    Minute_volume_set                        0x20000224   Data           4  main.o(.data)
    Insp_start_time_SIMV_trigger             0x20000228   Data           4  main.o(.data)
    Exp_start_time_SIMV_trigger              0x2000022c   Data           4  main.o(.data)
    Flowrate_zero_time_SIMV_trigger          0x20000230   Data           4  main.o(.data)
    Expr_time_wo_pause                       0x20000234   Data           4  main.o(.data)
    vt_time                                  0x20000238   Data           4  main.o(.data)
    ADSwrite                                 0x2000023c   Data           6  main.o(.data)
    alarms_id                                0x20000242   Data           7  main.o(.data)
    turn                                     0x20000249   Data           7  main.o(.data)
    LpM_Sensor4_for_trigger                  0x20000250   Data           8  main.o(.data)
    pre1_results_4                           0x20000258   Data           8  main.o(.data)
    pre2_results_4                           0x20000260   Data           8  main.o(.data)
    pre3_results_4                           0x20000268   Data           8  main.o(.data)
    pre4_results_4                           0x20000270   Data           8  main.o(.data)
    LpM_Sensor4                              0x20000278   Data           8  main.o(.data)
    LpM_Max_real                             0x20000280   Data           8  main.o(.data)
    VT                                       0x20000288   Data           8  main.o(.data)
    previous_VT                              0x20000290   Data           8  main.o(.data)
    cmH2O_Sensor3                            0x20000298   Data           8  main.o(.data)
    PIP_real                                 0x200002a0   Data           8  main.o(.data)
    mLpms                                    0x200002a8   Data           8  main.o(.data)
    VT_ml                                    0x200002b0   Data           8  main.o(.data)
    Output                                   0x200002b8   Data           8  main.o(.data)
    error                                    0x200002c0   Data           8  main.o(.data)
    ITerm                                    0x200002c8   Data           8  main.o(.data)
    lastInput                                0x200002d0   Data           8  main.o(.data)
    kp                                       0x200002d8   Data           8  main.o(.data)
    ki                                       0x200002e0   Data           8  main.o(.data)
    kd                                       0x200002e8   Data           8  main.o(.data)
    outMin                                   0x200002f0   Data           8  main.o(.data)
    outMax                                   0x200002f8   Data           8  main.o(.data)
    blender_temp                             0x20000300   Data           8  main.o(.data)
    resistance_ML                            0x20000308   Data           8  main.o(.data)
    compliance_ML                            0x20000310   Data           8  main.o(.data)
    uwTickFreq                               0x20000318   Data           1  stm32f4xx_hal.o(.data)
    uwTickPrio                               0x2000031c   Data           4  stm32f4xx_hal.o(.data)
    uwTick                                   0x20000320   Data           4  stm32f4xx_hal.o(.data)
    SystemCoreClock                          0x20000324   Data           4  system_stm32f4xx.o(.data)
    buf_nextion                              0x20000330   Data          15  main.o(.bss)
    FV_AM                                    0x20000340   Data         480  main.o(.bss)
    P_AM                                     0x20000520   Data         240  main.o(.bss)
    hadc1                                    0x20000610   Data          72  adc.o(.bss)
    hdma_adc1                                0x20000658   Data          96  adc.o(.bss)
    hi2c3                                    0x200006b8   Data          84  i2c.o(.bss)
    htim1                                    0x2000070c   Data          64  tim.o(.bss)
    htim2                                    0x2000074c   Data          64  tim.o(.bss)
    htim3                                    0x2000078c   Data          64  tim.o(.bss)
    htim4                                    0x200007cc   Data          64  tim.o(.bss)
    htim5                                    0x2000080c   Data          64  tim.o(.bss)
    htim8                                    0x2000084c   Data          64  tim.o(.bss)
    htim10                                   0x2000088c   Data          64  tim.o(.bss)
    htim11                                   0x200008cc   Data          64  tim.o(.bss)
    htim14                                   0x2000090c   Data          64  tim.o(.bss)
    huart1                                   0x2000094c   Data          64  usart.o(.bss)
    hdma_usart1_rx                           0x2000098c   Data          96  usart.o(.bss)
    pFlash                                   0x200009ec   Data          32  stm32f4xx_hal_flash.o(.bss)
    __initial_sp                             0x20000e10   Data           0  startup_stm32f429xx.o(STACK)



==============================================================================

Memory Map of the image

  Image Entry point : 0x080001ad

  Load Region LR_IROM1 (Base: 0x08000000, Size: 0x00007bec, Max: 0x00200000, ABSOLUTE, COMPRESSED[0x00007930])

    Execution Region ER_IROM1 (Exec base: 0x08000000, Load base: 0x08000000, Size: 0x000078c0, Max: 0x00200000, ABSOLUTE)

    Exec Addr    Load Addr    Size         Type   Attr      Idx    E Section Name        Object

    0x08000000   0x08000000   0x000001ac   Data   RO            3    RESET               startup_stm32f429xx.o
    0x080001ac   0x080001ac   0x00000000   Code   RO         4343  * .ARM.Collect$$$$00000000  mc_w.l(entry.o)
    0x080001ac   0x080001ac   0x00000004   Code   RO         4668    .ARM.Collect$$$$00000001  mc_w.l(entry2.o)
    0x080001b0   0x080001b0   0x00000004   Code   RO         4671    .ARM.Collect$$$$00000004  mc_w.l(entry5.o)
    0x080001b4   0x080001b4   0x00000000   Code   RO         4673    .ARM.Collect$$$$00000008  mc_w.l(entry7b.o)
    0x080001b4   0x080001b4   0x00000000   Code   RO         4675    .ARM.Collect$$$$0000000A  mc_w.l(entry8b.o)
    0x080001b4   0x080001b4   0x00000008   Code   RO         4676    .ARM.Collect$$$$0000000B  mc_w.l(entry9a.o)
    0x080001bc   0x080001bc   0x00000000   Code   RO         4678    .ARM.Collect$$$$0000000D  mc_w.l(entry10a.o)
    0x080001bc   0x080001bc   0x00000000   Code   RO         4680    .ARM.Collect$$$$0000000F  mc_w.l(entry11a.o)
    0x080001bc   0x080001bc   0x00000004   Code   RO         4669    .ARM.Collect$$$$00002712  mc_w.l(entry2.o)
    0x080001c0   0x080001c0   0x00000024   Code   RO            4    .text               startup_stm32f429xx.o
    0x080001e4   0x080001e4   0x00000062   Code   RO         4346    .text               mc_w.l(uldiv.o)
    0x08000246   0x08000246   0x00000024   Code   RO         4348    .text               mc_w.l(memseta.o)
    0x0800026a   0x0800026a   0x0000000e   Code   RO         4350    .text               mc_w.l(strlen.o)
    0x08000278   0x08000278   0x0000014e   Code   RO         4613    .text               mf_w.l(dadd.o)
    0x080003c6   0x080003c6   0x000000e4   Code   RO         4615    .text               mf_w.l(dmul.o)
    0x080004aa   0x080004aa   0x000000de   Code   RO         4617    .text               mf_w.l(ddiv.o)
    0x08000588   0x08000588   0x00000022   Code   RO         4621    .text               mf_w.l(dflti.o)
    0x080005aa   0x080005aa   0x0000001a   Code   RO         4623    .text               mf_w.l(dfltui.o)
    0x080005c4   0x080005c4   0x0000003e   Code   RO         4625    .text               mf_w.l(dfixi.o)
    0x08000602   0x08000602   0x00000032   Code   RO         4627    .text               mf_w.l(dfixui.o)
    0x08000634   0x08000634   0x00000026   Code   RO         4629    .text               mf_w.l(f2d.o)
    0x0800065a   0x0800065a   0x00000002   PAD
    0x0800065c   0x0800065c   0x00000030   Code   RO         4631    .text               mf_w.l(cdcmple.o)
    0x0800068c   0x0800068c   0x00000030   Code   RO         4633    .text               mf_w.l(cdrcmple.o)
    0x080006bc   0x080006bc   0x00000038   Code   RO         4635    .text               mf_w.l(d2f.o)
    0x080006f4   0x080006f4   0x0000002c   Code   RO         4685    .text               mc_w.l(uidiv.o)
    0x08000720   0x08000720   0x0000001e   Code   RO         4687    .text               mc_w.l(llshl.o)
    0x0800073e   0x0800073e   0x00000020   Code   RO         4689    .text               mc_w.l(llushr.o)
    0x0800075e   0x0800075e   0x00000024   Code   RO         4691    .text               mc_w.l(llsshr.o)
    0x08000782   0x08000782   0x00000000   Code   RO         4700    .text               mc_w.l(iusefp.o)
    0x08000782   0x08000782   0x0000006e   Code   RO         4701    .text               mf_w.l(fepilogue.o)
    0x080007f0   0x080007f0   0x000000ba   Code   RO         4703    .text               mf_w.l(depilogue.o)
    0x080008aa   0x080008aa   0x0000002e   Code   RO         4705    .text               mf_w.l(dscalb.o)
    0x080008d8   0x080008d8   0x00000024   Code   RO         4709    .text               mc_w.l(init.o)
    0x080008fc   0x080008fc   0x000000a2   Code   RO         4713    .text               mf_w.l(dsqrt.o)
    0x0800099e   0x0800099e   0x00000056   Code   RO         4723    .text               mc_w.l(__dczerorl2.o)
    0x080009f4   0x080009f4   0x0000006e   Code   RO         1082    i.ADC_DMAConvCplt   stm32f4xx_hal_adc.o
    0x08000a62   0x08000a62   0x00000016   Code   RO         1083    i.ADC_DMAError      stm32f4xx_hal_adc.o
    0x08000a78   0x08000a78   0x0000000a   Code   RO         1084    i.ADC_DMAHalfConvCplt  stm32f4xx_hal_adc.o
    0x08000a82   0x08000a82   0x00000002   PAD
    0x08000a84   0x08000a84   0x00000128   Code   RO         1085    i.ADC_Init          stm32f4xx_hal_adc.o
    0x08000bac   0x08000bac   0x00000030   Code   RO           15    i.Auto_limits       main.o
    0x08000bdc   0x08000bdc   0x0000017c   Code   RO           17    i.Blender           main.o
    0x08000d58   0x08000d58   0x00000002   Code   RO          970    i.BusFault_Handler  stm32f4xx_it.o
    0x08000d5a   0x08000d5a   0x00000002   PAD
    0x08000d5c   0x08000d5c   0x00000400   Code   RO           19    i.CMV_VC            main.o
    0x0800115c   0x0800115c   0x00000188   Code   RO           20    i.CMV_default       main.o
    0x080012e4   0x080012e4   0x000000e4   Code   RO           22    i.Claculate_Flowrate  main.o
    0x080013c8   0x080013c8   0x0000000c   Code   RO          971    i.DMA2_Stream0_IRQHandler  stm32f4xx_it.o
    0x080013d4   0x080013d4   0x0000000c   Code   RO          972    i.DMA2_Stream2_IRQHandler  stm32f4xx_it.o
    0x080013e0   0x080013e0   0x00000028   Code   RO         1868    i.DMA_CalcBaseAndBitshift  stm32f4xx_hal_dma.o
    0x08001408   0x08001408   0x00000054   Code   RO         1869    i.DMA_CheckFifoParam  stm32f4xx_hal_dma.o
    0x0800145c   0x0800145c   0x00000028   Code   RO         1870    i.DMA_SetConfig     stm32f4xx_hal_dma.o
    0x08001484   0x08001484   0x00000002   Code   RO          973    i.DebugMon_Handler  stm32f4xx_it.o
    0x08001486   0x08001486   0x00000002   Code   RO           24    i.Error_Handler     main.o
    0x08001488   0x08001488   0x00000054   Code   RO         1643    i.FLASH_Erase_Sector  stm32f4xx_hal_flash_ex.o
    0x080014dc   0x080014dc   0x00000020   Code   RO         1525    i.FLASH_Program_Byte  stm32f4xx_hal_flash.o
    0x080014fc   0x080014fc   0x0000002c   Code   RO         1526    i.FLASH_Program_DoubleWord  stm32f4xx_hal_flash.o
    0x08001528   0x08001528   0x00000024   Code   RO         1527    i.FLASH_Program_HalfWord  stm32f4xx_hal_flash.o
    0x0800154c   0x0800154c   0x00000024   Code   RO         1528    i.FLASH_Program_Word  stm32f4xx_hal_flash.o
    0x08001570   0x08001570   0x0000007c   Code   RO         1529    i.FLASH_SetErrorCode  stm32f4xx_hal_flash.o
    0x080015ec   0x080015ec   0x00000050   Code   RO         1530    i.FLASH_WaitForLastOperation  stm32f4xx_hal_flash.o
    0x0800163c   0x0800163c   0x00000026   Code   RO           26    i.Flash_Write       main.o
    0x08001662   0x08001662   0x00000002   PAD
    0x08001664   0x08001664   0x00000164   Code   RO         1087    i.HAL_ADC_ConfigChannel  stm32f4xx_hal_adc.o
    0x080017c8   0x080017c8   0x00000002   Code   RO         1088    i.HAL_ADC_ConvCpltCallback  stm32f4xx_hal_adc.o
    0x080017ca   0x080017ca   0x00000002   Code   RO         1089    i.HAL_ADC_ConvHalfCpltCallback  stm32f4xx_hal_adc.o
    0x080017cc   0x080017cc   0x00000002   Code   RO         1091    i.HAL_ADC_ErrorCallback  stm32f4xx_hal_adc.o
    0x080017ce   0x080017ce   0x00000054   Code   RO         1096    i.HAL_ADC_Init      stm32f4xx_hal_adc.o
    0x08001822   0x08001822   0x00000002   PAD
    0x08001824   0x08001824   0x000000d8   Code   RO          698    i.HAL_ADC_MspInit   adc.o
    0x080018fc   0x080018fc   0x00000130   Code   RO         1103    i.HAL_ADC_Start_DMA  stm32f4xx_hal_adc.o
    0x08001a2c   0x08001a2c   0x000001a0   Code   RO         1876    i.HAL_DMA_IRQHandler  stm32f4xx_hal_dma.o
    0x08001bcc   0x08001bcc   0x000000d4   Code   RO         1877    i.HAL_DMA_Init      stm32f4xx_hal_dma.o
    0x08001ca0   0x08001ca0   0x0000006e   Code   RO         1881    i.HAL_DMA_Start_IT  stm32f4xx_hal_dma.o
    0x08001d0e   0x08001d0e   0x00000002   PAD
    0x08001d10   0x08001d10   0x00000024   Code   RO         2308    i.HAL_Delay         stm32f4xx_hal.o
    0x08001d34   0x08001d34   0x00000014   Code   RO         1534    i.HAL_FLASH_Lock    stm32f4xx_hal_flash.o
    0x08001d48   0x08001d48   0x0000007c   Code   RO         1539    i.HAL_FLASH_Program  stm32f4xx_hal_flash.o
    0x08001dc4   0x08001dc4   0x0000002c   Code   RO         1541    i.HAL_FLASH_Unlock  stm32f4xx_hal_flash.o
    0x08001df0   0x08001df0   0x000001d4   Code   RO         1764    i.HAL_GPIO_Init     stm32f4xx_hal_gpio.o
    0x08001fc4   0x08001fc4   0x0000000a   Code   RO         1766    i.HAL_GPIO_ReadPin  stm32f4xx_hal_gpio.o
    0x08001fce   0x08001fce   0x0000000a   Code   RO         1768    i.HAL_GPIO_WritePin  stm32f4xx_hal_gpio.o
    0x08001fd8   0x08001fd8   0x0000000c   Code   RO         2316    i.HAL_GetTick       stm32f4xx_hal.o
    0x08001fe4   0x08001fe4   0x00000042   Code   RO         2998    i.HAL_I2CEx_ConfigAnalogFilter  stm32f4xx_hal_i2c_ex.o
    0x08002026   0x08002026   0x0000003e   Code   RO         2999    i.HAL_I2CEx_ConfigDigitalFilter  stm32f4xx_hal_i2c_ex.o
    0x08002064   0x08002064   0x00000188   Code   RO         2582    i.HAL_I2C_Init      stm32f4xx_hal_i2c.o
    0x080021ec   0x080021ec   0x000001e0   Code   RO         2588    i.HAL_I2C_Master_Receive  stm32f4xx_hal_i2c.o
    0x080023cc   0x080023cc   0x0000012c   Code   RO         2595    i.HAL_I2C_Master_Transmit  stm32f4xx_hal_i2c.o
    0x080024f8   0x080024f8   0x00000088   Code   RO          767    i.HAL_I2C_MspInit   i2c.o
    0x08002580   0x08002580   0x00000010   Code   RO         2322    i.HAL_IncTick       stm32f4xx_hal.o
    0x08002590   0x08002590   0x00000034   Code   RO         2323    i.HAL_Init          stm32f4xx_hal.o
    0x080025c4   0x080025c4   0x00000040   Code   RO         2324    i.HAL_InitTick      stm32f4xx_hal.o
    0x08002604   0x08002604   0x00000030   Code   RO         1058    i.HAL_MspInit       stm32f4xx_hal_msp.o
    0x08002634   0x08002634   0x0000001a   Code   RO         2171    i.HAL_NVIC_EnableIRQ  stm32f4xx_hal_cortex.o
    0x0800264e   0x0800264e   0x00000002   PAD
    0x08002650   0x08002650   0x00000040   Code   RO         2177    i.HAL_NVIC_SetPriority  stm32f4xx_hal_cortex.o
    0x08002690   0x08002690   0x00000024   Code   RO         2178    i.HAL_NVIC_SetPriorityGrouping  stm32f4xx_hal_cortex.o
    0x080026b4   0x080026b4   0x00000134   Code   RO         1358    i.HAL_RCC_ClockConfig  stm32f4xx_hal_rcc.o
    0x080027e8   0x080027e8   0x00000020   Code   RO         1365    i.HAL_RCC_GetPCLK1Freq  stm32f4xx_hal_rcc.o
    0x08002808   0x08002808   0x00000020   Code   RO         1366    i.HAL_RCC_GetPCLK2Freq  stm32f4xx_hal_rcc.o
    0x08002828   0x08002828   0x00000064   Code   RO         1367    i.HAL_RCC_GetSysClockFreq  stm32f4xx_hal_rcc.o
    0x0800288c   0x0800288c   0x0000035c   Code   RO         1370    i.HAL_RCC_OscConfig  stm32f4xx_hal_rcc.o
    0x08002be8   0x08002be8   0x00000028   Code   RO         2182    i.HAL_SYSTICK_Config  stm32f4xx_hal_cortex.o
    0x08002c10   0x08002c10   0x00000054   Code   RO         3708    i.HAL_TIMEx_ConfigBreakDeadTime  stm32f4xx_hal_tim_ex.o
    0x08002c64   0x08002c64   0x00000090   Code   RO         3723    i.HAL_TIMEx_MasterConfigSynchronization  stm32f4xx_hal_tim_ex.o
    0x08002cf4   0x08002cf4   0x00000036   Code   RO         3030    i.HAL_TIM_Base_Init  stm32f4xx_hal_tim.o
    0x08002d2a   0x08002d2a   0x00000002   PAD
    0x08002d2c   0x08002d2c   0x00000060   Code   RO          809    i.HAL_TIM_Base_MspInit  tim.o
    0x08002d8c   0x08002d8c   0x00000098   Code   RO         3048    i.HAL_TIM_Encoder_Init  stm32f4xx_hal_tim.o
    0x08002e24   0x08002e24   0x000000ac   Code   RO          811    i.HAL_TIM_Encoder_MspInit  tim.o
    0x08002ed0   0x08002ed0   0x00000034   Code   RO         3051    i.HAL_TIM_Encoder_Start  stm32f4xx_hal_tim.o
    0x08002f04   0x08002f04   0x000001a4   Code   RO          812    i.HAL_TIM_MspPostInit  tim.o
    0x080030a8   0x080030a8   0x000000d0   Code   RO         3097    i.HAL_TIM_PWM_ConfigChannel  stm32f4xx_hal_tim.o
    0x08003178   0x08003178   0x00000036   Code   RO         3100    i.HAL_TIM_PWM_Init  stm32f4xx_hal_tim.o
    0x080031ae   0x080031ae   0x00000002   PAD
    0x080031b0   0x080031b0   0x00000068   Code   RO          814    i.HAL_TIM_PWM_MspInit  tim.o
    0x08003218   0x08003218   0x00000044   Code   RO         3105    i.HAL_TIM_PWM_Start  stm32f4xx_hal_tim.o
    0x0800325c   0x0800325c   0x00000002   Code   RO         3977    i.HAL_UART_ErrorCallback  stm32f4xx_hal_uart.o
    0x0800325e   0x0800325e   0x00000062   Code   RO         3981    i.HAL_UART_Init     stm32f4xx_hal_uart.o
    0x080032c0   0x080032c0   0x000000a8   Code   RO          929    i.HAL_UART_MspInit  usart.o
    0x08003368   0x08003368   0x00000098   Code   RO         3985    i.HAL_UART_Receive_DMA  stm32f4xx_hal_uart.o
    0x08003400   0x08003400   0x00000174   Code   RO           27    i.HAL_UART_RxCpltCallback  main.o
    0x08003574   0x08003574   0x00000002   Code   RO         3988    i.HAL_UART_RxHalfCpltCallback  stm32f4xx_hal_uart.o
    0x08003576   0x08003576   0x000000ba   Code   RO         3989    i.HAL_UART_Transmit  stm32f4xx_hal_uart.o
    0x08003630   0x08003630   0x00000002   Code   RO          974    i.HardFault_Handler  stm32f4xx_it.o
    0x08003632   0x08003632   0x0000002e   Code   RO         2624    i.I2C_IsAcknowledgeFailed  stm32f4xx_hal_i2c.o
    0x08003660   0x08003660   0x000000ec   Code   RO         2627    i.I2C_MasterRequestRead  stm32f4xx_hal_i2c.o
    0x0800374c   0x0800374c   0x0000009c   Code   RO         2628    i.I2C_MasterRequestWrite  stm32f4xx_hal_i2c.o
    0x080037e8   0x080037e8   0x0000004c   Code   RO         2638    i.I2C_WaitOnBTFFlagUntilTimeout  stm32f4xx_hal_i2c.o
    0x08003834   0x08003834   0x00000068   Code   RO         2639    i.I2C_WaitOnFlagUntilTimeout  stm32f4xx_hal_i2c.o
    0x0800389c   0x0800389c   0x00000096   Code   RO         2640    i.I2C_WaitOnMasterAddressFlagUntilTimeout  stm32f4xx_hal_i2c.o
    0x08003932   0x08003932   0x00000066   Code   RO         2641    i.I2C_WaitOnRXNEFlagUntilTimeout  stm32f4xx_hal_i2c.o
    0x08003998   0x08003998   0x0000004c   Code   RO         2642    i.I2C_WaitOnTXEFlagUntilTimeout  stm32f4xx_hal_i2c.o
    0x080039e4   0x080039e4   0x00000080   Code   RO          699    i.MX_ADC1_Init      adc.o
    0x08003a64   0x08003a64   0x0000003c   Code   RO          739    i.MX_DMA_Init       dma.o
    0x08003aa0   0x08003aa0   0x000000f4   Code   RO          568    i.MX_GPIO_Init      gpio.o
    0x08003b94   0x08003b94   0x0000005c   Code   RO          768    i.MX_I2C3_Init      i2c.o
    0x08003bf0   0x08003bf0   0x00000068   Code   RO          815    i.MX_TIM10_Init     tim.o
    0x08003c58   0x08003c58   0x00000068   Code   RO          816    i.MX_TIM11_Init     tim.o
    0x08003cc0   0x08003cc0   0x00000068   Code   RO          817    i.MX_TIM14_Init     tim.o
    0x08003d28   0x08003d28   0x000000a0   Code   RO          818    i.MX_TIM1_Init      tim.o
    0x08003dc8   0x08003dc8   0x00000090   Code   RO          819    i.MX_TIM2_Init      tim.o
    0x08003e58   0x08003e58   0x00000080   Code   RO          820    i.MX_TIM3_Init      tim.o
    0x08003ed8   0x08003ed8   0x0000006c   Code   RO          821    i.MX_TIM4_Init      tim.o
    0x08003f44   0x08003f44   0x00000070   Code   RO          822    i.MX_TIM5_Init      tim.o
    0x08003fb4   0x08003fb4   0x0000006c   Code   RO          823    i.MX_TIM8_Init      tim.o
    0x08004020   0x08004020   0x00000038   Code   RO          930    i.MX_USART1_UART_Init  usart.o
    0x08004058   0x08004058   0x00000002   Code   RO          975    i.MemManage_Handler  stm32f4xx_it.o
    0x0800405a   0x0800405a   0x00000002   PAD
    0x0800405c   0x0800405c   0x00000044   Code   RO           28    i.NEXTION_PageChange  main.o
    0x080040a0   0x080040a0   0x00000048   Code   RO           29    i.NEXTION_PicChange  main.o
    0x080040e8   0x080040e8   0x00000048   Code   RO           30    i.NEXTION_SendFloat  main.o
    0x08004130   0x08004130   0x00000050   Code   RO           31    i.NEXTION_SendGraph  main.o
    0x08004180   0x08004180   0x00000048   Code   RO           32    i.NEXTION_SendInteger  main.o
    0x080041c8   0x080041c8   0x00000048   Code   RO           33    i.NEXTION_SendString  main.o
    0x08004210   0x08004210   0x00000048   Code   RO           34    i.NEXTION_Text_Background  main.o
    0x08004258   0x08004258   0x00000048   Code   RO           35    i.NEXTION_Text_FontColor  main.o
    0x080042a0   0x080042a0   0x00000002   Code   RO          976    i.NMI_Handler       stm32f4xx_it.o
    0x080042a2   0x080042a2   0x00000002   Code   RO          977    i.PendSV_Handler    stm32f4xx_it.o
    0x080042a4   0x080042a4   0x000000f8   Code   RO           38    i.RR_IE_VE_Monitoring  main.o
    0x0800439c   0x0800439c   0x00000002   Code   RO          978    i.SVC_Handler       stm32f4xx_it.o
    0x0800439e   0x0800439e   0x00000004   Code   RO          979    i.SysTick_Handler   stm32f4xx_it.o
    0x080043a2   0x080043a2   0x00000002   PAD
    0x080043a4   0x080043a4   0x00000074   Code   RO           44    i.SystemClock_Config  main.o
    0x08004418   0x08004418   0x0000001c   Code   RO         4283    i.SystemInit        system_stm32f4xx.o
    0x08004434   0x08004434   0x000000c8   Code   RO         3118    i.TIM_Base_SetConfig  stm32f4xx_hal_tim.o
    0x080044fc   0x080044fc   0x0000001a   Code   RO         3119    i.TIM_CCxChannelCmd  stm32f4xx_hal_tim.o
    0x08004516   0x08004516   0x00000002   PAD
    0x08004518   0x08004518   0x00000060   Code   RO         3131    i.TIM_OC1_SetConfig  stm32f4xx_hal_tim.o
    0x08004578   0x08004578   0x0000006c   Code   RO         3132    i.TIM_OC2_SetConfig  stm32f4xx_hal_tim.o
    0x080045e4   0x080045e4   0x00000068   Code   RO         3133    i.TIM_OC3_SetConfig  stm32f4xx_hal_tim.o
    0x0800464c   0x0800464c   0x00000050   Code   RO         3134    i.TIM_OC4_SetConfig  stm32f4xx_hal_tim.o
    0x0800469c   0x0800469c   0x00000180   Code   RO           45    i.Tidal_Volume      main.o
    0x0800481c   0x0800481c   0x0000004a   Code   RO         3995    i.UART_DMAError     stm32f4xx_hal_uart.o
    0x08004866   0x08004866   0x0000003c   Code   RO         3996    i.UART_DMAReceiveCplt  stm32f4xx_hal_uart.o
    0x080048a2   0x080048a2   0x0000000a   Code   RO         3998    i.UART_DMARxHalfCplt  stm32f4xx_hal_uart.o
    0x080048ac   0x080048ac   0x0000001c   Code   RO         4004    i.UART_EndRxTransfer  stm32f4xx_hal_uart.o
    0x080048c8   0x080048c8   0x00000012   Code   RO         4005    i.UART_EndTxTransfer  stm32f4xx_hal_uart.o
    0x080048da   0x080048da   0x00000002   PAD
    0x080048dc   0x080048dc   0x00000128   Code   RO         4007    i.UART_SetConfig    stm32f4xx_hal_uart.o
    0x08004a04   0x08004a04   0x00000064   Code   RO         4009    i.UART_WaitOnFlagUntilTimeout  stm32f4xx_hal_uart.o
    0x08004a68   0x08004a68   0x00000002   Code   RO          980    i.UsageFault_Handler  stm32f4xx_it.o
    0x08004a6a   0x08004a6a   0x00000002   PAD
    0x08004a6c   0x08004a6c   0x00000028   Code   RO         4443    i.__0sprintf$3      mc_w.l(printf3.o)
    0x08004a94   0x08004a94   0x00000030   Code   RO         4651    i.__ARM_fpclassify  m_wm.l(fpclassify.o)
    0x08004ac4   0x08004ac4   0x00000020   Code   RO         2184    i.__NVIC_SetPriority  stm32f4xx_hal_cortex.o
    0x08004ae4   0x08004ae4   0x00000004   PAD
    0x08004ae8   0x08004ae8   0x00000118   Code   RO         4317    i.__hardfp_ceil     m_wm.l(ceil.o)
    0x08004c00   0x08004c00   0x00000014   Code   RO         4323    i.__hardfp_fabs     m_wm.l(fabs.o)
    0x08004c14   0x08004c14   0x00000004   PAD
    0x08004c18   0x08004c18   0x00000c50   Code   RO         4329    i.__hardfp_pow      m_wm.l(pow.o)
    0x08005868   0x08005868   0x000000f8   Code   RO         4653    i.__kernel_poly     m_wm.l(poly.o)
    0x08005960   0x08005960   0x00000030   Code   RO         4637    i.__mathlib_dbl_divzero  m_wm.l(dunder.o)
    0x08005990   0x08005990   0x00000014   Code   RO         4639    i.__mathlib_dbl_infnan2  m_wm.l(dunder.o)
    0x080059a4   0x080059a4   0x00000004   PAD
    0x080059a8   0x080059a8   0x00000020   Code   RO         4640    i.__mathlib_dbl_invalid  m_wm.l(dunder.o)
    0x080059c8   0x080059c8   0x00000020   Code   RO         4641    i.__mathlib_dbl_overflow  m_wm.l(dunder.o)
    0x080059e8   0x080059e8   0x00000020   Code   RO         4643    i.__mathlib_dbl_underflow  m_wm.l(dunder.o)
    0x08005a08   0x08005a08   0x0000000e   Code   RO         4717    i.__scatterload_copy  mc_w.l(handlers.o)
    0x08005a16   0x08005a16   0x00000002   Code   RO         4718    i.__scatterload_null  mc_w.l(handlers.o)
    0x08005a18   0x08005a18   0x0000000e   Code   RO         4719    i.__scatterload_zeroinit  mc_w.l(handlers.o)
    0x08005a26   0x08005a26   0x00000002   PAD
    0x08005a28   0x08005a28   0x0000000c   Code   RO         4695    i.__set_errno       mc_w.l(errno.o)
    0x08005a34   0x08005a34   0x000001b8   Code   RO         4448    i._printf_core      mc_w.l(printf3.o)
    0x08005bec   0x08005bec   0x0000000a   Code   RO         4450    i._sputc            mc_w.l(printf3.o)
    0x08005bf6   0x08005bf6   0x00000002   PAD
    0x08005bf8   0x08005bf8   0x00000064   Code   RO           47    i.ads_readADC_SingleEnded_0  main.o
    0x08005c5c   0x08005c5c   0x00000064   Code   RO           48    i.ads_readADC_SingleEnded_1  main.o
    0x08005cc0   0x08005cc0   0x00000054   Code   RO           49    i.ads_read_Sensirion  main.o
    0x08005d14   0x08005d14   0x00000064   Code   RO           50    i.ads_read_for_oxygen  main.o
    0x08005d78   0x08005d78   0x0000006c   Code   RO           51    i.alarm_beep        main.o
    0x08005de4   0x08005de4   0x00000270   Code   RO           52    i.alarm_display     main.o
    0x08006054   0x08006054   0x000000fc   Code   RO           54    i.alarms_VC         main.o
    0x08006150   0x08006150   0x00000180   Code   RO           56    i.buffer_knob       main.o
    0x080062d0   0x080062d0   0x0000008c   Code   RO           58    i.cont_p            main.o
    0x0800635c   0x0800635c   0x00000048   Code   RO           59    i.controls_page     main.o
    0x080063a4   0x080063a4   0x00000038   Code   RO           60    i.counter_position  main.o
    0x080063dc   0x080063dc   0x0000005c   Code   RO           61    i.default_values    main.o
    0x08006438   0x08006438   0x000002c8   Code   RO           62    i.display           main.o
    0x08006700   0x08006700   0x00000034   Code   RO           63    i.display_graph     main.o
    0x08006734   0x08006734   0x00000018   Code   RO         4325    i.fabs              m_wm.l(fabs.o)
    0x0800674c   0x0800674c   0x000007a4   Code   RO           64    i.knob              main.o
    0x08006ef0   0x08006ef0   0x00000450   Code   RO           65    i.main              main.o
    0x08007340   0x08007340   0x00000018   Code   RO           66    i.millis            main.o
    0x08007358   0x08007358   0x00000048   Code   RO           67    i.orange_pic        main.o
    0x080073a0   0x080073a0   0x000000c8   Code   RO           68    i.peep_generator    main.o
    0x08007468   0x08007468   0x00000138   Code   RO           69    i.read_flow_sensor  main.o
    0x080075a0   0x080075a0   0x0000018c   Code   RO           70    i.read_lung_Pressure_sensor  main.o
    0x0800772c   0x0800772c   0x00000050   Code   RO           71    i.read_oxygen       main.o
    0x0800777c   0x0800777c   0x0000006e   Code   RO         4658    i.sqrt              m_wm.l(sqrt.o)
    0x080077ea   0x080077ea   0x00000008   Data   RO         1883    .constdata          stm32f4xx_hal_dma.o
    0x080077f2   0x080077f2   0x00000010   Data   RO         4284    .constdata          system_stm32f4xx.o
    0x08007802   0x08007802   0x00000008   Data   RO         4285    .constdata          system_stm32f4xx.o
    0x0800780a   0x0800780a   0x00000006   PAD
    0x08007810   0x08007810   0x00000088   Data   RO         4332    .constdata          m_wm.l(pow.o)
    0x08007898   0x08007898   0x00000008   Data   RO         4655    .constdata          m_wm.l(qnan.o)
    0x080078a0   0x080078a0   0x00000020   Data   RO         4715    Region$$Table       anon$$obj.o


    Execution Region RW_IRAM2 (Exec base: 0x10000000, Load base: 0x08007930, Size: 0x00000000, Max: 0x00010000, ABSOLUTE)

    **** No section assigned to this execution region ****


    Execution Region RW_IRAM1 (Exec base: 0x20000000, Load base: 0x080078c0, Size: 0x00000e10, Max: 0x00030000, ABSOLUTE, COMPRESSED[0x00000070])

    Exec Addr    Load Addr    Size         Type   Attr      Idx    E Section Name        Object

    0x20000000   COMPRESSED   0x00000318   Data   RW           74    .data               main.o
    0x20000318   COMPRESSED   0x0000000c   Data   RW         2330    .data               stm32f4xx_hal.o
    0x20000324   COMPRESSED   0x00000004   Data   RW         4286    .data               system_stm32f4xx.o
    0x20000328   COMPRESSED   0x00000004   Data   RW         4696    .data               mc_w.l(errno.o)
    0x2000032c   COMPRESSED   0x00000004   PAD
    0x20000330        -       0x000002e0   Zero   RW           72    .bss                main.o
    0x20000610        -       0x000000a8   Zero   RW          700    .bss                adc.o
    0x200006b8        -       0x00000054   Zero   RW          769    .bss                i2c.o
    0x2000070c        -       0x00000240   Zero   RW          824    .bss                tim.o
    0x2000094c        -       0x000000a0   Zero   RW          931    .bss                usart.o
    0x200009ec        -       0x00000020   Zero   RW         1542    .bss                stm32f4xx_hal_flash.o
    0x20000a0c   COMPRESSED   0x00000004   PAD
    0x20000a10        -       0x00000400   Zero   RW            1    STACK               startup_stm32f429xx.o


==============================================================================

Image component sizes


      Code (inc. data)   RO Data    RW Data    ZI Data      Debug   Object Name

       344         42          0          0        168       2075   adc.o
        60          4          0          0          0        878   dma.o
       244         22          0          0          0     768747   gpio.o
       228         32          0          0         84       1937   i2c.o
     10832       1530          0        792        736     755190   main.o
        36          8        428          0       1024        884   startup_stm32f429xx.o
       180         28          0         12          0       9941   stm32f4xx_hal.o
      1188         70          0          0          0       7933   stm32f4xx_hal_adc.o
       198         14          0          0          0      34235   stm32f4xx_hal_cortex.o
       902         16          8          0          0       6139   stm32f4xx_hal_dma.o
       540         66          0          0         32       7134   stm32f4xx_hal_flash.o
        84          4          0          0          0        793   stm32f4xx_hal_flash_ex.o
       488         54          0          0          0       3263   stm32f4xx_hal_gpio.o
      2118         50          0          0          0      13138   stm32f4xx_hal_i2c.o
       128          0          0          0          0       2003   stm32f4xx_hal_i2c_ex.o
        48          6          0          0          0        950   stm32f4xx_hal_msp.o
      1332         76          0          0          0       5516   stm32f4xx_hal_rcc.o
      1202         90          0          0          0      11073   stm32f4xx_hal_tim.o
       228         28          0          0          0       2308   stm32f4xx_hal_tim_ex.o
      1026         24          0          0          0       9646   stm32f4xx_hal_uart.o
        44         12          0          0          0       5650   stm32f4xx_it.o
        28          6         24          4          0       1299   system_stm32f4xx.o
      1864        184          0          0        576      10306   tim.o
       224         28          0          0        160       1989   usart.o

    ----------------------------------------------------------------------
     23596       2394        498        808       2784    1663027   Object Totals
         0          0         32          0          0          0   (incl. Generated)
        30          0          6          0          4          0   (incl. Padding)

    ----------------------------------------------------------------------

      Code (inc. data)   RO Data    RW Data    ZI Data      Debug   Library Member Name

       280         28          0          0          0        156   ceil.o
       164         44          0          0          0        620   dunder.o
        44          0          0          0          0        248   fabs.o
        48          0          0          0          0        124   fpclassify.o
       248          0          0          0          0        152   poly.o
      3152        296        136          0          0        352   pow.o
         0          0          8          0          0          0   qnan.o
       110          0          0          0          0        148   sqrt.o
        86          0          0          0          0          0   __dczerorl2.o
         0          0          0          0          0          0   entry.o
         0          0          0          0          0          0   entry10a.o
         0          0          0          0          0          0   entry11a.o
         8          4          0          0          0          0   entry2.o
         4          0          0          0          0          0   entry5.o
         0          0          0          0          0          0   entry7b.o
         0          0          0          0          0          0   entry8b.o
         8          4          0          0          0          0   entry9a.o
        12          6          0          4          0         68   errno.o
        30          0          0          0          0          0   handlers.o
        36          8          0          0          0         68   init.o
         0          0          0          0          0          0   iusefp.o
        30          0          0          0          0         68   llshl.o
        36          0          0          0          0         68   llsshr.o
        32          0          0          0          0         68   llushr.o
        36          0          0          0          0        108   memseta.o
       490         10          0          0          0        252   printf3.o
        14          0          0          0          0         68   strlen.o
        44          0          0          0          0         80   uidiv.o
        98          0          0          0          0         92   uldiv.o
        48          0          0          0          0         68   cdcmple.o
        48          0          0          0          0         68   cdrcmple.o
        56          0          0          0          0         88   d2f.o
       334          0          0          0          0        148   dadd.o
       222          0          0          0          0        100   ddiv.o
       186          0          0          0          0        176   depilogue.o
        62          0          0          0          0         80   dfixi.o
        50          0          0          0          0         76   dfixui.o
        34          0          0          0          0         76   dflti.o
        26          0          0          0          0         76   dfltui.o
       228          0          0          0          0         96   dmul.o
        46          0          0          0          0         80   dscalb.o
       162          0          0          0          0        100   dsqrt.o
        38          0          0          0          0         68   f2d.o
       110          0          0          0          0        168   fepilogue.o

    ----------------------------------------------------------------------
      6674        400        144          4          4       4208   Library Totals
        14          0          0          0          4          0   (incl. Padding)

    ----------------------------------------------------------------------

      Code (inc. data)   RO Data    RW Data    ZI Data      Debug   Library Name

      4046        368        144          0          0       1800   m_wm.l
       964         32          0          4          0        940   mc_w.l
      1650          0          0          0          0       1468   mf_w.l

    ----------------------------------------------------------------------
      6674        400        144          4          4       4208   Library Totals

    ----------------------------------------------------------------------

==============================================================================


      Code (inc. data)   RO Data    RW Data    ZI Data      Debug   

     30270       2794        642        812       2788    1649971   Grand Totals
     30270       2794        642        112       2788    1649971   ELF Image Totals (compressed)
     30270       2794        642        112          0          0   ROM Totals

==============================================================================

    Total RO  Size (Code + RO Data)                30912 (  30.19kB)
    Total RW  Size (RW Data + ZI Data)              3600 (   3.52kB)
    Total ROM Size (Code + RO Data + RW Data)      31024 (  30.30kB)

==============================================================================

